7-31-2026 09:32:33-debug: asset-db:worker-init (1261ms)
7-31-2026 09:32:33-debug: Preimport db internal success
7-31-2026 09:32:33-debug: Preimport db assets success
7-31-2026 09:32:33-debug: asset-db:worker-effect-data-processing (271ms)
7-31-2026 09:32:38-debug: Set detail map pack:///resolution-detail-map.json: {}
7-31-2026 09:32:38-debug: Start up the 'internal' database...
7-31-2026 09:32:38-debug: asset-db:worker-init-script (81ms)
7-31-2026 09:32:38-debug: start asset-db with asset: 419
7-31-2026 09:32:38-debug: Start up the 'assets' database...
7-31-2026 09:32:39-debug: asset-db:worker-startup-database[internal] (5700ms)
7-31-2026 09:32:39-debug: start asset-db with asset: 319
7-31-2026 09:32:39-debug: asset-db:worker-startup-database[assets] (5749ms)
7-31-2026 09:32:39-debug: init worker message success
7-31-2026 09:32:39-debug: Asset DB is ready!
7-31-2026 09:32:39-debug: programming:execute-script (1ms)
7-31-2026 09:32:40-error: Error: Cannot find module 'fs-extra'Require stack:- C:\Workspace\ABI\Cocos\Packingdom\Packingdom\extensions\cocos-service\contributions\builder\hooks.js- E:\Cocos\Editors\Creator\3.7.4\resources\app.asar\node_modules\@editor\creator\dist\module\index.ccc- E:\Cocos\Editors\Creator\3.7.4\resources\app.asar\node_modules\editor\preload.js- E:\Cocos\Editors\Creator\3.7.4\resources\app.asar\builtin\asset-db\dist\worker\index.ccc- E:\Cocos\Editors\Creator\3.7.4\resources\app.asar\node_modules\@base\electron-worker\static\script.ccc- E:\Cocos\Editors\Creator\3.7.4\resources\app.asar\node_modules\@base\electron-worker\static\worker.html    at Module._resolveFilename (internal/modules/cjs/loader.js:887:15)    at o._resolveFilename (electron/js2c/renderer_init.js:33:917)    at Function.<anonymous> (E:\Cocos\Editors\Creator\3.7.4\resources\app.asar\node_modules\fix-electron-require\index.js:7:24)    at Function._resolveFilename (E:\Cocos\Editors\Creator\3.7.4\resources\app.asar\node_modules\cc\preload.ts:109:46)    at Module._load (internal/modules/cjs/loader.js:732:27)    at Function.f._load (electron/js2c/asar_bundle.js:5:12913)    at Function._load (E:\Cocos\Editors\Creator\3.7.4\resources\app.asar\node_modules\cc\preload.ts:127:35)    at Module.require (internal/modules/cjs/loader.js:959:19)    at require (internal/modules/cjs/helpers.js:88:18)    at Object.<anonymous> (C:\Workspace\ABI\Cocos\Packingdom\Packingdom\extensions\cocos-service\contributions\builder\hooks.js:1:2833)
7-31-2026 09:32:40-error: register plugin cocos-service in build worker failed!
7-31-2026 09:32:40-debug: builder:worker-init (1638ms)
7-31-2026 09:32:43-debug: programming:execute-script (4ms)
7-31-2026 09:33:17-debug: Query all assets info in project
7-31-2026 09:33:17-debug: BuildAssetLibrary query-assets with assets 940
7-31-2026 09:33:17-debug: init custom config: keepNodeUuid: false, useCache: true
7-31-2026 09:33:17-debug:   Number of other assets: 766
7-31-2026 09:33:17-debug:   Number of all scenes: 1
7-31-2026 09:33:17-debug:   Number of all scripts: 30
7-31-2026 09:33:17-debug: // ---- build task Query asset bundle ----
7-31-2026 09:33:17-debug: Process: heapTotal 208.13MB heapUsed 196.56MB rss 543.02MB
7-31-2026 09:33:17-debug: Query asset bundle start0%
7-31-2026 09:33:17-debug: // ---- build task Query asset bundle ---- (16ms)
7-31-2026 09:33:17-debug: run build task Query asset bundle success in 16 ms √3%
7-31-2026 09:33:17-debug: Process: heapTotal 208.38MB heapUsed 196.64MB rss 541.70MB
7-31-2026 09:33:17-debug: init bundle assets
7-31-2026 09:33:17-debug: // ---- build task Query and organize assets ----
7-31-2026 09:33:17-debug: Query and organize assets start3%
7-31-2026 09:33:17-debug: Query preload assets from cc.config.json: 60f7195c-ec2a-45eb-ba94-8955f60e81d0,1c02ae6f-4492-4915-b8f8-7492a3b1e4cd,810e96e4-e456-4468-9b59-f4e8f39732c0,efe8e2a3-eace-427b-b4f1-cb8a937ec77d,e9aa9a3e-5b2b-4ac7-a2c7-073de2b2b24f,8bbdbcdd-5cd4-4100-b6d5-b7c9625b6107,50f4348b-c883-4e2f-8f11-ce233b859fa1,fda095cb-831d-4601-ad94-846013963de8,f92806d7-1768-443f-afe8-12bcde84d0f0,dd3a144d-ab7f-41f0-82b8-2e43a090d496,f0416e68-0200-4b77-a926-4f9d16e494da,1baf0fc9-befa-459c-8bdd-af1a450a0319,511d2633-09a7-4bdd-ac42-f778032124b3,5d45aa00-e064-4938-b314-4265f0c2258c,28d6d6b8-3f66-4a73-9795-17a0852ba2d4,ec8106fe-05bf-4e94-943c-e0d3b7bb5e45,620b6bf3-0369-4560-837f-2a2c00b73c26,2df0a40b-26c2-47ce-be0d-4d3cd4164737,ff9be190-20a4-4e48-b68c-76e3c7cff085,970b0598-bcb0-4714-91fb-2e81440dccd8,bcd64cc6-2dd9-43f6-abbe-66318d332032,d930590d-bb92-4cc8-8bd1-23cd027f9edf,a3cd009f-0ab0-420d-9278-b9fdab939bbc,9361fd90-ba52-4f84-aa93-6e878fd576ca,d1346436-ac96-4271-b863-1f4fdead95b0,971bdb23-3ff6-43eb-b422-1c30165a3663,17debcc3-0a6b-4b8a-b00b-dc58b885581e,711ebe11-f673-4cd9-9a83-63c60ba54c5b,c0143906-9aed-447e-9436-2ae8512d1b6e,14da1725-c4c2-42b4-ab08-ee0aeb6898b3,081cab31-dccd-428e-8652-f2404cc81c47,78e0584a-4343-4727-8f37-e14e65c2a2db,871c3b6c-7379-419d-bda3-794b239ab90d,c27215d8-6835-4b68-bfbb-bdeac6100c04,b5d6115f-0370-4d7c-aad3-c194cc71cf98
7-31-2026 09:33:17-debug: Number of scenes: 1
7-31-2026 09:33:17-debug: // ---- build task Query and organize assets ---- (5ms)
7-31-2026 09:33:17-debug: run build task Query and organize assets success in 5 ms √7%
7-31-2026 09:33:17-debug: Process: heapTotal 208.38MB heapUsed 196.83MB rss 541.52MB
7-31-2026 09:33:17-debug: Organize scripts start7%
7-31-2026 09:33:17-debug: // ---- build task Organize scripts ----
7-31-2026 09:33:17-debug: sort script group...
7-31-2026 09:33:17-debug: // ---- build task Organize scripts ---- (2ms)
7-31-2026 09:33:17-debug: run build task Organize scripts success in 2 ms √10%
7-31-2026 09:33:17-debug: // ---- build task Init settings and config ----
7-31-2026 09:33:17-debug: Process: heapTotal 208.38MB heapUsed 196.88MB rss 541.52MB
7-31-2026 09:33:17-debug: Init settings and config start10%
7-31-2026 09:33:17-debug: // ---- build task Init settings and config ---- (1ms)
7-31-2026 09:33:17-debug: run build task Init settings and config success in 1 ms √11%
7-31-2026 09:33:17-debug: builder.tasks.settings.macro does not defined in i18n
7-31-2026 09:33:17-debug: // ---- build task builder.tasks.settings.macro ----
7-31-2026 09:33:17-debug: Process: heapTotal 208.38MB heapUsed 196.92MB rss 541.58MB
7-31-2026 09:33:17-debug: builder.tasks.settings.macro start11%
7-31-2026 09:33:17-debug: // ---- build task builder.tasks.settings.macro ---- (2ms)
7-31-2026 09:33:17-debug: run build task builder.tasks.settings.macro success in 2 ms √11%
7-31-2026 09:33:17-debug: Process: heapTotal 208.38MB heapUsed 196.95MB rss 541.58MB
7-31-2026 09:33:17-debug: Sort some build options to settings.json start11%
7-31-2026 09:33:17-debug: // ---- build task Sort some build options to settings.json ----
7-31-2026 09:33:17-debug: // ---- build task Sort some build options to settings.json ---- (13ms)
7-31-2026 09:33:17-debug: run build task Sort some build options to settings.json success in 13 ms √12%
7-31-2026 09:33:17-debug: custom joint texture layouts start12%
7-31-2026 09:33:17-debug: // ---- build task custom joint texture layouts ----
7-31-2026 09:33:17-debug: Process: heapTotal 208.63MB heapUsed 197.23MB rss 542.21MB
7-31-2026 09:33:17-debug: // ---- build task custom joint texture layouts ---- (1ms)
7-31-2026 09:33:17-debug: run build task custom joint texture layouts success in 1 ms √12%
7-31-2026 09:33:17-debug: custom joint physics start12%
7-31-2026 09:33:17-debug: // ---- build task custom joint physics ----
7-31-2026 09:33:17-debug: Process: heapTotal 208.63MB heapUsed 197.27MB rss 542.29MB
7-31-2026 09:33:17-debug: run build task custom joint physics success in 1 ms √13%
7-31-2026 09:33:17-debug: Fill script data to settings start13%
7-31-2026 09:33:17-debug: // ---- build task custom joint physics ---- (1ms)
7-31-2026 09:33:17-debug: // ---- build task Fill script data to settings ----
7-31-2026 09:33:17-debug: Process: heapTotal 208.63MB heapUsed 197.29MB rss 542.29MB
7-31-2026 09:33:17-debug: // ---- build task Fill script data to settings ---- (1ms)
7-31-2026 09:33:17-debug: run build task Fill script data to settings success in 1 ms √13%
7-31-2026 09:33:17-debug: // ---- build task Fill scene data to settings ----
7-31-2026 09:33:17-debug: Fill scene data to settings start13%
7-31-2026 09:33:17-debug: Process: heapTotal 208.63MB heapUsed 197.32MB rss 542.36MB
7-31-2026 09:33:17-debug: Process: heapTotal 208.63MB heapUsed 197.35MB rss 542.36MB
7-31-2026 09:33:17-debug: run build task Fill scene data to settings success in 0 ms √14%
7-31-2026 09:33:17-debug: // ---- build task Organize assets groups，generate packedAssets and rawAssets data ----
7-31-2026 09:33:17-debug: Organize assets groups，generate packedAssets and rawAssets data start14%
7-31-2026 09:33:17-debug: // ---- build task Organize assets groups，generate packedAssets and rawAssets data ---- (2ms)
7-31-2026 09:33:17-debug: run build task Organize assets groups，generate packedAssets and rawAssets data success in 2 ms √14%
7-31-2026 09:33:17-debug: // ---- build task Generate md5AssetsMap from suffixMap to settings ----
7-31-2026 09:33:17-debug: options.md5Cache is false.
7-31-2026 09:33:17-debug: Process: heapTotal 208.63MB heapUsed 197.40MB rss 542.43MB
7-31-2026 09:33:17-debug: Generate md5AssetsMap from suffixMap to settings start14%
7-31-2026 09:33:17-debug: run build task Generate md5AssetsMap from suffixMap to settings success in 0 ms √15%
7-31-2026 09:36:34-debug: refresh db internal success
