7-31-2026 09:44:08-debug: asset-db:worker-init (1084ms)
7-31-2026 09:44:08-debug: Preimport db internal success
7-31-2026 09:44:08-debug: Preimport db assets success
7-31-2026 09:44:08-debug: asset-db:worker-effect-data-processing (212ms)
7-31-2026 09:44:12-debug: Set detail map pack:///resolution-detail-map.json: {}
7-31-2026 09:44:12-debug: Start up the 'internal' database...
7-31-2026 09:44:12-debug: asset-db:worker-init-script (203ms)
7-31-2026 09:44:12-debug: start asset-db with asset: 419
7-31-2026 09:44:12-debug: Start up the 'assets' database...
7-31-2026 09:44:12-debug: asset-db:worker-startup-database[internal] (4297ms)
7-31-2026 09:44:12-debug: start asset-db with asset: 319
7-31-2026 09:44:12-debug: Asset DB is ready!
7-31-2026 09:44:12-debug: asset-db:worker-startup-database[assets] (4375ms)
7-31-2026 09:44:12-debug: init worker message success
7-31-2026 09:44:12-debug: programming:execute-script (1ms)
7-31-2026 09:44:14-error: register plugin cocos-service in build worker failed!
7-31-2026 09:44:14-error: Error: Cannot find module 'fs-extra'Require stack:- C:\Workspace\ABI\Cocos\Packingdom\Packingdom\extensions\cocos-service\contributions\builder\hooks.js- E:\Cocos\Editors\Creator\3.7.4\resources\app.asar\node_modules\@editor\creator\dist\module\index.ccc- E:\Cocos\Editors\Creator\3.7.4\resources\app.asar\node_modules\editor\preload.js- E:\Cocos\Editors\Creator\3.7.4\resources\app.asar\builtin\asset-db\dist\worker\index.ccc- E:\Cocos\Editors\Creator\3.7.4\resources\app.asar\node_modules\@base\electron-worker\static\script.ccc- E:\Cocos\Editors\Creator\3.7.4\resources\app.asar\node_modules\@base\electron-worker\static\worker.html    at Module._resolveFilename (internal/modules/cjs/loader.js:887:15)    at o._resolveFilename (electron/js2c/renderer_init.js:33:917)    at Function.<anonymous> (E:\Cocos\Editors\Creator\3.7.4\resources\app.asar\node_modules\fix-electron-require\index.js:7:24)    at Function._resolveFilename (E:\Cocos\Editors\Creator\3.7.4\resources\app.asar\node_modules\cc\preload.ts:109:46)    at Module._load (internal/modules/cjs/loader.js:732:27)    at Function.f._load (electron/js2c/asar_bundle.js:5:12913)    at Function._load (E:\Cocos\Editors\Creator\3.7.4\resources\app.asar\node_modules\cc\preload.ts:127:35)    at Module.require (internal/modules/cjs/loader.js:959:19)    at require (internal/modules/cjs/helpers.js:88:18)    at Object.<anonymous> (C:\Workspace\ABI\Cocos\Packingdom\Packingdom\extensions\cocos-service\contributions\builder\hooks.js:1:2833)
7-31-2026 09:44:14-debug: builder:worker-init (1426ms)
7-31-2026 09:44:18-debug: programming:execute-script (5ms)
7-31-2026 09:44:48-debug: refresh db internal success
7-31-2026 09:44:48-debug: asset-db:worker-effect-data-processing (195ms)
7-31-2026 09:44:49-debug: refresh db assets success
7-31-2026 09:44:49-debug: asset-db:refresh-all-database (284ms)
7-31-2026 09:46:56-debug: refresh db internal success
