8-20-2026 21:26:37-log: Cannot access game frame or container.
8-20-2026 21:26:37-debug: asset-db:require-engine-code (742ms)
8-20-2026 21:26:37-log: meshopt wasm decoder initialized
8-20-2026 21:26:38-log: [bullet]:bullet wasm lib loaded.
8-20-2026 21:26:38-log: [box2d]:box2d wasm lib loaded.
8-20-2026 21:26:38-log: Cocos Creator v3.8.6
8-20-2026 21:26:38-log: Using legacy pipeline
8-20-2026 21:26:38-debug: [Assets Memory track]: asset-db:worker-init: initEngine start:31.23MB, end 80.21MB, increase: 48.98MB
8-20-2026 21:26:40-debug: [Assets Memory track]: asset-db-plugin-register: builder start:84.09MB, end 225.00MB, increase: 140.91MB
8-20-2026 21:26:38-debug: [Assets Memory track]: asset-db-plugin-register: programming start:81.08MB, end 84.04MB, increase: 2.96MB
8-20-2026 21:26:38-log: Forward render pipeline initialized.
8-20-2026 21:26:40-debug: [Assets Memory track]: asset-db-plugin-register: project start:80.93MB, end 228.60MB, increase: 147.67MB
8-20-2026 21:26:40-debug: [Assets Memory track]: asset-db:worker-init: initPlugin start:80.23MB, end 228.63MB, increase: 148.40MB
8-20-2026 21:26:40-debug: [Assets Memory track]: asset-db-plugin-register: engine-extends start:225.25MB, end 228.39MB, increase: 3.13MB
8-20-2026 21:26:40-debug: run package(im-plugin) handler(enable) start
8-20-2026 21:26:40-debug: run package(fix-asset-default-userdata) handler(enable) success!
8-20-2026 21:26:40-debug: run package(im-plugin) handler(enable) success!
8-20-2026 21:26:40-debug: run package(fix-asset-default-userdata) handler(enable) start
8-20-2026 21:26:40-debug: run package(placeholder) handler(enable) start
8-20-2026 21:26:40-debug: run package(playable-ads-adapter) handler(enable) success!
8-20-2026 21:26:40-debug: run package(placeholder) handler(enable) success!
8-20-2026 21:26:40-debug: run package(playable-ads-adapter) handler(enable) start
8-20-2026 21:26:40-debug: asset-db:worker-init: initPlugin (2037ms)
8-20-2026 21:26:40-debug: [Assets Memory track]: asset-db:worker-init start:31.22MB, end 228.88MB, increase: 197.67MB
8-20-2026 21:26:40-debug: Run asset db hook programming:beforePreStart ...
8-20-2026 21:26:40-debug: Run asset db hook engine-extends:beforePreStart ...
8-20-2026 21:26:40-debug: Run asset db hook programming:beforePreStart success!
8-20-2026 21:26:40-debug: Run asset db hook engine-extends:beforePreStart success!
8-20-2026 21:26:40-debug: asset-db-hook-programming-beforePreStart (116ms)
8-20-2026 21:26:40-debug: asset-db:worker-init (3360ms)
8-20-2026 21:26:40-debug: asset-db-hook-engine-extends-beforePreStart (116ms)
8-20-2026 21:26:40-debug: Preimport db internal success
8-20-2026 21:26:40-debug: Preimport db assets success
8-20-2026 21:26:40-debug: Run asset db hook programming:afterPreStart ...
8-20-2026 21:26:40-debug: starting packer-driver...
8-20-2026 21:26:42-debug: initialize scripting environment...
8-20-2026 21:26:42-debug: [[Executor]] prepare before lock
8-20-2026 21:26:42-debug: Set detail map pack:///resolution-detail-map.json: {}
8-20-2026 21:26:42-debug: [[Executor]] prepare after unlock
8-20-2026 21:26:42-debug: Run asset db hook programming:afterPreStart success!
8-20-2026 21:26:42-debug: Run asset db hook engine-extends:afterPreStart success!
8-20-2026 21:26:42-debug: Run asset db hook engine-extends:afterPreStart ...
8-20-2026 21:26:42-debug: Start up the 'internal' database...
8-20-2026 21:26:42-debug: asset-db-hook-programming-afterPreStart (2478ms)
8-20-2026 21:26:42-debug: asset-db-hook-engine-extends-afterPreStart (317ms)
8-20-2026 21:26:42-debug: asset-db:worker-effect-data-processing (317ms)
8-20-2026 21:26:43-debug: [Assets Memory track]: asset-db:worker-startup-database[internal] start:228.98MB, end 244.21MB, increase: 15.23MB
8-20-2026 21:26:43-debug: Start up the 'assets' database...
8-20-2026 21:26:43-debug: asset-db:worker-startup-database[internal] (2841ms)
8-20-2026 21:26:43-debug: [Assets Memory track]: asset-db:worker-startup-database[assets] start:230.60MB, end 242.94MB, increase: 12.34MB
8-20-2026 21:26:43-debug: [Assets Memory track]: asset-db:worker-init: startup start:229.61MB, end 242.95MB, increase: 13.34MB
8-20-2026 21:26:43-debug: lazy register asset handler directory
8-20-2026 21:26:43-debug: lazy register asset handler json
8-20-2026 21:26:43-debug: lazy register asset handler spine-data
8-20-2026 21:26:43-debug: lazy register asset handler dragonbones
8-20-2026 21:26:43-debug: lazy register asset handler dragonbones-atlas
8-20-2026 21:26:43-debug: lazy register asset handler text
8-20-2026 21:26:43-debug: lazy register asset handler terrain
8-20-2026 21:26:43-debug: lazy register asset handler typescript
8-20-2026 21:26:43-debug: lazy register asset handler scene
8-20-2026 21:26:43-debug: lazy register asset handler javascript
8-20-2026 21:26:43-debug: lazy register asset handler sprite-frame
8-20-2026 21:26:43-debug: lazy register asset handler *
8-20-2026 21:26:43-debug: lazy register asset handler prefab
8-20-2026 21:26:43-debug: lazy register asset handler tiled-map
8-20-2026 21:26:43-debug: lazy register asset handler sign-image
8-20-2026 21:26:43-debug: lazy register asset handler image
8-20-2026 21:26:43-debug: lazy register asset handler alpha-image
8-20-2026 21:26:43-debug: lazy register asset handler texture
8-20-2026 21:26:43-debug: lazy register asset handler texture-cube
8-20-2026 21:26:43-debug: lazy register asset handler erp-texture-cube
8-20-2026 21:26:43-debug: lazy register asset handler buffer
8-20-2026 21:26:43-debug: lazy register asset handler render-texture
8-20-2026 21:26:43-debug: lazy register asset handler rt-sprite-frame
8-20-2026 21:26:43-debug: lazy register asset handler texture-cube-face
8-20-2026 21:26:43-debug: lazy register asset handler gltf
8-20-2026 21:26:43-debug: lazy register asset handler gltf-animation
8-20-2026 21:26:43-debug: lazy register asset handler gltf-skeleton
8-20-2026 21:26:43-debug: lazy register asset handler gltf-scene
8-20-2026 21:26:43-debug: lazy register asset handler gltf-material
8-20-2026 21:26:43-debug: lazy register asset handler gltf-embeded-image
8-20-2026 21:26:43-debug: lazy register asset handler fbx
8-20-2026 21:26:43-debug: lazy register asset handler gltf-mesh
8-20-2026 21:26:43-debug: lazy register asset handler physics-material
8-20-2026 21:26:43-debug: lazy register asset handler material
8-20-2026 21:26:43-debug: lazy register asset handler effect
8-20-2026 21:26:43-debug: lazy register asset handler effect-header
8-20-2026 21:26:43-debug: lazy register asset handler animation-clip
8-20-2026 21:26:43-debug: lazy register asset handler animation-graph
8-20-2026 21:26:43-debug: lazy register asset handler animation-graph-variant
8-20-2026 21:26:43-debug: lazy register asset handler audio-clip
8-20-2026 21:26:43-debug: lazy register asset handler animation-mask
8-20-2026 21:26:43-debug: lazy register asset handler bitmap-font
8-20-2026 21:26:43-debug: lazy register asset handler sprite-atlas
8-20-2026 21:26:43-debug: lazy register asset handler particle
8-20-2026 21:26:43-debug: lazy register asset handler auto-atlas
8-20-2026 21:26:43-debug: lazy register asset handler label-atlas
8-20-2026 21:26:43-debug: lazy register asset handler render-pipeline
8-20-2026 21:26:43-debug: lazy register asset handler render-flow
8-20-2026 21:26:43-debug: lazy register asset handler render-stage
8-20-2026 21:26:43-debug: lazy register asset handler instantiation-material
8-20-2026 21:26:43-debug: lazy register asset handler instantiation-skeleton
8-20-2026 21:26:43-debug: lazy register asset handler instantiation-mesh
8-20-2026 21:26:43-debug: lazy register asset handler instantiation-animation
8-20-2026 21:26:43-debug: lazy register asset handler ttf-font
8-20-2026 21:26:43-debug: lazy register asset handler video-clip
8-20-2026 21:26:43-debug: asset-db:worker-startup-database[assets] (2773ms)
8-20-2026 21:26:43-debug: asset-db:ready (9226ms)
8-20-2026 21:26:43-debug: asset-db:start-database (2941ms)
8-20-2026 21:26:43-debug: fix the bug of updateDefaultUserData
8-20-2026 21:26:43-debug: init worker message success
8-20-2026 21:26:43-debug: programming:execute-script (7ms)
8-20-2026 21:26:43-debug: [Build Memory track]: builder:worker-init start:247.21MB, end 261.14MB, increase: 13.94MB
8-20-2026 21:26:44-debug: builder:worker-init (1074ms)
8-20-2026 21:26:44-debug: Query all assets info in project
8-20-2026 21:26:44-debug: init custom config: keepNodeUuid: false, useCache: true
8-20-2026 21:26:44-debug: Skip compress image, progress: 0%
8-20-2026 21:26:44-debug: Init all bundles start..., progress: 0%
8-20-2026 21:26:44-debug: Query asset bundle start, progress: 0%
8-20-2026 21:26:44-debug: // ---- build task Query asset bundle ----
8-20-2026 21:26:44-debug: Init bundle root assets start..., progress: 0%
8-20-2026 21:26:44-debug: Num of bundles: 3..., progress: 0%
8-20-2026 21:26:44-debug: Query preload assets/scripts from cc.config.json: 60f7195c-ec2a-45eb-ba94-8955f60e81d0,1c02ae6f-4492-4915-b8f8-7492a3b1e4cd,810e96e4-e456-4468-9b59-f4e8f39732c0,efe8e2a3-eace-427b-b4f1-cb8a937ec77d,e9aa9a3e-5b2b-4ac7-a2c7-073de2b2b24f,8bbdbcdd-5cd4-4100-b6d5-b7c9625b6107,50f4348b-c883-4e2f-8f11-ce233b859fa1,fda095cb-831d-4601-ad94-846013963de8,f92806d7-1768-443f-afe8-12bcde84d0f0,dd3a144d-ab7f-41f0-82b8-2e43a090d496,f0416e68-0200-4b77-a926-4f9d16e494da,511d2633-09a7-4bdd-ac42-f778032124b3,5d45aa00-e064-4938-b314-4265f0c2258c,9361fd90-ba52-4f84-aa93-6e878fd576ca,970b0598-bcb0-4714-91fb-2e81440dccd8,bcd64cc6-2dd9-43f6-abbe-66318d332032,d930590d-bb92-4cc8-8bd1-23cd027f9edf,a3cd009f-0ab0-420d-9278-b9fdab939bbc,6a2d0734-bd9e-4ddf-946e-caa52498cb75,15049ccd-4dd7-451e-a8ae-af66735c929e,521c5f6e-1a26-42e2-8108-4400c912d9bf,4c3ce6de-e6d1-47f7-aa36-36b9b58f72d3,4361db28-3f24-44cc-8e51-32ee5fd651ac,cafd95c9-c558-46f9-9812-1224b65c09ee,28d6d6b8-3f66-4a73-9795-17a0852ba2d4,2df0a40b-26c2-47ce-be0d-4d3cd4164737,dace6a58-1705-48c7-a275-70afc9534e88,ec8106fe-05bf-4e94-943c-e0d3b7bb5e45,39f74202-ead5-4a45-b966-273d526adbf1,8f6ac413-2f1e-4b88-b26f-54556b5dd510,45e7c0c8-2699-4912-b45f-d42bb8384189,84ac6f69-3086-455a-86a4-561da8ee710b,5c601d96-e4c7-4698-991b-7ee674b11079,bf0a6d94-58f0-4ad2-bdf2-c4a31c7dd856,d1346436-ac96-4271-b863-1f4fdead95b0,971bdb23-3ff6-43eb-b422-1c30165a3663,17debcc3-0a6b-4b8a-b00b-dc58b885581e,711ebe11-f673-4cd9-9a83-63c60ba54c5b,c0143906-9aed-447e-9436-2ae8512d1b6e,14da1725-c4c2-42b4-ab08-ee0aeb6898b3,081cab31-dccd-428e-8652-f2404cc81c47,78e0584a-4343-4727-8f37-e14e65c2a2db,871c3b6c-7379-419d-bda3-794b239ab90d,c27215d8-6835-4b68-bfbb-bdeac6100c04,b5d6115f-0370-4d7c-aad3-c194cc71cf98,ff9b0199-ce04-4cfe-86cc-6c719f08d6e4,de1c2107-70c8-4021-8459-6399f24d01c6,cbf30902-517f-40dc-af90-a550bac27cf1
8-20-2026 21:26:44-debug:   Number of other assets: 1265
8-20-2026 21:26:44-debug: Init bundle root assets success..., progress: 0%
8-20-2026 21:26:44-debug:   Number of all scenes: 1
8-20-2026 21:26:44-debug:   Number of all scripts: 68
8-20-2026 21:26:44-debug: // ---- build task Query asset bundle ---- (23ms)
8-20-2026 21:26:44-log: run build task Query asset bundle success in 23 ms√, progress: 5%
8-20-2026 21:26:44-debug: [Build Memory track]: Query asset bundle start:258.76MB, end 262.49MB, increase: 3.73MB
8-20-2026 21:26:44-debug: // ---- build task Query asset bundle ----
8-20-2026 21:26:44-debug: Query asset bundle start, progress: 5%
8-20-2026 21:26:44-debug: // ---- build task Query asset bundle ---- (5ms)
8-20-2026 21:26:44-log: run build task Query asset bundle success in 5 ms√, progress: 10%
8-20-2026 21:26:44-debug: // ---- build task Sort some build options to settings.json ----
8-20-2026 21:26:44-debug: Sort some build options to settings.json start, progress: 10%
8-20-2026 21:26:44-debug: [Build Memory track]: Query asset bundle start:262.53MB, end 262.79MB, increase: 271.60KB
8-20-2026 21:26:44-log: run build task Sort some build options to settings.json success in 1 ms√, progress: 12%
8-20-2026 21:26:44-debug: [Build Memory track]: Sort some build options to settings.json start:262.83MB, end 262.86MB, increase: 31.59KB
8-20-2026 21:26:44-debug: Fill script data to settings start, progress: 12%
8-20-2026 21:26:44-debug: // ---- build task Sort some build options to settings.json ---- (1ms)
8-20-2026 21:26:44-debug: // ---- build task Fill script data to settings ----
8-20-2026 21:26:44-debug: // ---- build task Fill script data to settings ---- (1ms)
8-20-2026 21:26:44-log: run build task Fill script data to settings success in 1 ms√, progress: 13%
8-20-2026 21:26:44-debug: [Build Memory track]: Fill script data to settings start:262.90MB, end 262.93MB, increase: 31.13KB
8-20-2026 21:26:44-debug: Sort some build options to settings.json start, progress: 13%
8-20-2026 21:26:44-debug: // ---- build task Sort some build options to settings.json ----
8-20-2026 21:26:44-debug: // ---- build task Sort some build options to settings.json ---- (5ms)
8-20-2026 21:26:44-log: run build task Sort some build options to settings.json success in 5 ms√, progress: 15%
8-20-2026 21:26:44-debug: [Build Memory track]: Sort some build options to settings.json start:262.96MB, end 263.27MB, increase: 315.29KB
8-20-2026 21:26:45-debug: Query all assets info in project
8-20-2026 21:26:45-debug: init custom config: keepNodeUuid: false, useCache: true
8-20-2026 21:26:45-debug: Skip compress image, progress: 0%
8-20-2026 21:26:45-debug: Init all bundles start..., progress: 0%
8-20-2026 21:26:45-debug: Query asset bundle start, progress: 0%
8-20-2026 21:26:45-debug: // ---- build task Query asset bundle ----
8-20-2026 21:26:45-debug: Init bundle root assets start..., progress: 0%
8-20-2026 21:26:45-debug: Num of bundles: 3..., progress: 0%
8-20-2026 21:26:45-debug: Query preload assets/scripts from cc.config.json: 60f7195c-ec2a-45eb-ba94-8955f60e81d0,1c02ae6f-4492-4915-b8f8-7492a3b1e4cd,810e96e4-e456-4468-9b59-f4e8f39732c0,efe8e2a3-eace-427b-b4f1-cb8a937ec77d,e9aa9a3e-5b2b-4ac7-a2c7-073de2b2b24f,8bbdbcdd-5cd4-4100-b6d5-b7c9625b6107,50f4348b-c883-4e2f-8f11-ce233b859fa1,fda095cb-831d-4601-ad94-846013963de8,f92806d7-1768-443f-afe8-12bcde84d0f0,dd3a144d-ab7f-41f0-82b8-2e43a090d496,f0416e68-0200-4b77-a926-4f9d16e494da,511d2633-09a7-4bdd-ac42-f778032124b3,5d45aa00-e064-4938-b314-4265f0c2258c,9361fd90-ba52-4f84-aa93-6e878fd576ca,970b0598-bcb0-4714-91fb-2e81440dccd8,bcd64cc6-2dd9-43f6-abbe-66318d332032,d930590d-bb92-4cc8-8bd1-23cd027f9edf,a3cd009f-0ab0-420d-9278-b9fdab939bbc,6a2d0734-bd9e-4ddf-946e-caa52498cb75,15049ccd-4dd7-451e-a8ae-af66735c929e,521c5f6e-1a26-42e2-8108-4400c912d9bf,4c3ce6de-e6d1-47f7-aa36-36b9b58f72d3,4361db28-3f24-44cc-8e51-32ee5fd651ac,cafd95c9-c558-46f9-9812-1224b65c09ee,28d6d6b8-3f66-4a73-9795-17a0852ba2d4,2df0a40b-26c2-47ce-be0d-4d3cd4164737,dace6a58-1705-48c7-a275-70afc9534e88,ec8106fe-05bf-4e94-943c-e0d3b7bb5e45,39f74202-ead5-4a45-b966-273d526adbf1,8f6ac413-2f1e-4b88-b26f-54556b5dd510,45e7c0c8-2699-4912-b45f-d42bb8384189,84ac6f69-3086-455a-86a4-561da8ee710b,5c601d96-e4c7-4698-991b-7ee674b11079,bf0a6d94-58f0-4ad2-bdf2-c4a31c7dd856,d1346436-ac96-4271-b863-1f4fdead95b0,971bdb23-3ff6-43eb-b422-1c30165a3663,17debcc3-0a6b-4b8a-b00b-dc58b885581e,711ebe11-f673-4cd9-9a83-63c60ba54c5b,c0143906-9aed-447e-9436-2ae8512d1b6e,14da1725-c4c2-42b4-ab08-ee0aeb6898b3,081cab31-dccd-428e-8652-f2404cc81c47,78e0584a-4343-4727-8f37-e14e65c2a2db,871c3b6c-7379-419d-bda3-794b239ab90d,c27215d8-6835-4b68-bfbb-bdeac6100c04,b5d6115f-0370-4d7c-aad3-c194cc71cf98,ff9b0199-ce04-4cfe-86cc-6c719f08d6e4,de1c2107-70c8-4021-8459-6399f24d01c6,cbf30902-517f-40dc-af90-a550bac27cf1
8-20-2026 21:26:45-debug:   Number of other assets: 1265
8-20-2026 21:26:45-debug: Init bundle root assets success..., progress: 0%
8-20-2026 21:26:45-debug:   Number of all scripts: 68
8-20-2026 21:26:45-debug:   Number of all scenes: 1
8-20-2026 21:26:45-debug: // ---- build task Query asset bundle ---- (21ms)
8-20-2026 21:26:45-log: run build task Query asset bundle success in 21 ms√, progress: 5%
8-20-2026 21:26:45-debug: [Build Memory track]: Query asset bundle start:258.41MB, end 261.72MB, increase: 3.32MB
8-20-2026 21:26:45-debug: Query asset bundle start, progress: 5%
8-20-2026 21:26:45-debug: // ---- build task Query asset bundle ----
8-20-2026 21:26:45-debug: // ---- build task Query asset bundle ---- (4ms)
8-20-2026 21:26:45-log: run build task Query asset bundle success in 4 ms√, progress: 10%
8-20-2026 21:26:45-debug: [Build Memory track]: Query asset bundle start:261.76MB, end 262.01MB, increase: 256.52KB
8-20-2026 21:26:45-debug: Sort some build options to settings.json start, progress: 10%
8-20-2026 21:26:45-debug: // ---- build task Sort some build options to settings.json ----
8-20-2026 21:26:45-debug: // ---- build task Sort some build options to settings.json ---- (1ms)
8-20-2026 21:26:45-debug: [Build Memory track]: Sort some build options to settings.json start:262.05MB, end 262.08MB, increase: 31.30KB
8-20-2026 21:26:45-debug: // ---- build task Fill script data to settings ----
8-20-2026 21:26:45-log: run build task Sort some build options to settings.json success in 1 ms√, progress: 12%
8-20-2026 21:26:45-debug: Fill script data to settings start, progress: 12%
8-20-2026 21:26:45-debug: // ---- build task Fill script data to settings ---- (1ms)
8-20-2026 21:26:45-log: run build task Fill script data to settings success in 1 ms√, progress: 13%
8-20-2026 21:26:45-debug: [Build Memory track]: Fill script data to settings start:262.11MB, end 262.15MB, increase: 35.94KB
8-20-2026 21:26:45-debug: Sort some build options to settings.json start, progress: 13%
8-20-2026 21:26:45-debug: // ---- build task Sort some build options to settings.json ----
8-20-2026 21:26:45-debug: // ---- build task Sort some build options to settings.json ---- (7ms)
8-20-2026 21:26:45-log: run build task Sort some build options to settings.json success in 7 ms√, progress: 15%
8-20-2026 21:26:45-debug: [Build Memory track]: Sort some build options to settings.json start:262.19MB, end 262.49MB, increase: 313.82KB
8-20-2026 21:27:25-debug: refresh db internal success
8-20-2026 21:27:25-debug: refresh db assets success
8-20-2026 21:27:25-debug: Run asset db hook engine-extends:afterRefresh success!
8-20-2026 21:27:25-debug: Run asset db hook engine-extends:afterRefresh ...
8-20-2026 21:27:25-debug: asset-db:refresh-all-database (338ms)
8-20-2026 21:27:25-debug: asset-db-hook-engine-extends-afterRefresh (3ms)
8-20-2026 21:27:25-debug: asset-db:worker-effect-data-processing (2ms)
8-20-2026 21:27:31-debug: refresh db internal success
8-20-2026 21:27:31-debug: refresh db assets success
8-20-2026 21:27:31-debug: Run asset db hook engine-extends:afterRefresh ...
8-20-2026 21:27:31-debug: Run asset db hook engine-extends:afterRefresh success!
8-20-2026 21:27:31-debug: asset-db:refresh-all-database (171ms)
8-20-2026 21:27:31-debug: asset-db:worker-effect-data-processing (1ms)
8-20-2026 21:27:31-debug: asset-db-hook-engine-extends-afterRefresh (1ms)
8-20-2026 21:27:54-debug: %cImport%c: D:\CocosProject\PLY_Dreamyroom_Cocos\assets\6.Scenes\PlayScene.scenebackground: #aaff85; color: #000;color: #000;
8-20-2026 21:27:54-debug: asset-db:reimport-asset37150f18-4c52-4f26-bdc5-00b4308270f1 (35ms)
8-20-2026 21:27:55-debug: Query all assets info in project
8-20-2026 21:27:55-debug: init custom config: keepNodeUuid: false, useCache: true
8-20-2026 21:27:55-debug: Skip compress image, progress: 0%
8-20-2026 21:27:55-debug: Init all bundles start..., progress: 0%
8-20-2026 21:27:55-debug: // ---- build task Query asset bundle ----
8-20-2026 21:27:55-debug: Init bundle root assets start..., progress: 0%
8-20-2026 21:27:55-debug: Num of bundles: 3..., progress: 0%
8-20-2026 21:27:55-debug: Query asset bundle start, progress: 0%
8-20-2026 21:27:55-debug:   Number of all scripts: 68
8-20-2026 21:27:55-debug: Query preload assets/scripts from cc.config.json: 60f7195c-ec2a-45eb-ba94-8955f60e81d0,1c02ae6f-4492-4915-b8f8-7492a3b1e4cd,810e96e4-e456-4468-9b59-f4e8f39732c0,efe8e2a3-eace-427b-b4f1-cb8a937ec77d,e9aa9a3e-5b2b-4ac7-a2c7-073de2b2b24f,8bbdbcdd-5cd4-4100-b6d5-b7c9625b6107,50f4348b-c883-4e2f-8f11-ce233b859fa1,fda095cb-831d-4601-ad94-846013963de8,f92806d7-1768-443f-afe8-12bcde84d0f0,dd3a144d-ab7f-41f0-82b8-2e43a090d496,f0416e68-0200-4b77-a926-4f9d16e494da,511d2633-09a7-4bdd-ac42-f778032124b3,5d45aa00-e064-4938-b314-4265f0c2258c,9361fd90-ba52-4f84-aa93-6e878fd576ca,970b0598-bcb0-4714-91fb-2e81440dccd8,bcd64cc6-2dd9-43f6-abbe-66318d332032,d930590d-bb92-4cc8-8bd1-23cd027f9edf,a3cd009f-0ab0-420d-9278-b9fdab939bbc,6a2d0734-bd9e-4ddf-946e-caa52498cb75,15049ccd-4dd7-451e-a8ae-af66735c929e,521c5f6e-1a26-42e2-8108-4400c912d9bf,4c3ce6de-e6d1-47f7-aa36-36b9b58f72d3,4361db28-3f24-44cc-8e51-32ee5fd651ac,cafd95c9-c558-46f9-9812-1224b65c09ee,28d6d6b8-3f66-4a73-9795-17a0852ba2d4,2df0a40b-26c2-47ce-be0d-4d3cd4164737,dace6a58-1705-48c7-a275-70afc9534e88,ec8106fe-05bf-4e94-943c-e0d3b7bb5e45,39f74202-ead5-4a45-b966-273d526adbf1,8f6ac413-2f1e-4b88-b26f-54556b5dd510,45e7c0c8-2699-4912-b45f-d42bb8384189,84ac6f69-3086-455a-86a4-561da8ee710b,5c601d96-e4c7-4698-991b-7ee674b11079,bf0a6d94-58f0-4ad2-bdf2-c4a31c7dd856,d1346436-ac96-4271-b863-1f4fdead95b0,971bdb23-3ff6-43eb-b422-1c30165a3663,17debcc3-0a6b-4b8a-b00b-dc58b885581e,711ebe11-f673-4cd9-9a83-63c60ba54c5b,c0143906-9aed-447e-9436-2ae8512d1b6e,14da1725-c4c2-42b4-ab08-ee0aeb6898b3,081cab31-dccd-428e-8652-f2404cc81c47,78e0584a-4343-4727-8f37-e14e65c2a2db,871c3b6c-7379-419d-bda3-794b239ab90d,c27215d8-6835-4b68-bfbb-bdeac6100c04,b5d6115f-0370-4d7c-aad3-c194cc71cf98,ff9b0199-ce04-4cfe-86cc-6c719f08d6e4,de1c2107-70c8-4021-8459-6399f24d01c6,cbf30902-517f-40dc-af90-a550bac27cf1
8-20-2026 21:27:55-debug: Init bundle root assets success..., progress: 0%
8-20-2026 21:27:55-debug:   Number of all scenes: 1
8-20-2026 21:27:55-debug:   Number of other assets: 1265
8-20-2026 21:27:55-debug: // ---- build task Query asset bundle ---- (18ms)
8-20-2026 21:27:55-log: run build task Query asset bundle success in 18 ms√, progress: 5%
8-20-2026 21:27:55-debug: [Build Memory track]: Query asset bundle start:209.66MB, end 208.93MB, increase: -739.89KB
8-20-2026 21:27:55-debug: // ---- build task Query asset bundle ----
8-20-2026 21:27:55-debug: Query asset bundle start, progress: 5%
8-20-2026 21:27:55-debug: // ---- build task Query asset bundle ---- (3ms)
8-20-2026 21:27:55-log: run build task Query asset bundle success in 3 ms√, progress: 10%
8-20-2026 21:27:55-debug: [Build Memory track]: Query asset bundle start:208.97MB, end 209.21MB, increase: 253.98KB
8-20-2026 21:27:55-debug: // ---- build task Sort some build options to settings.json ----
8-20-2026 21:27:55-debug: Sort some build options to settings.json start, progress: 10%
8-20-2026 21:27:55-log: run build task Sort some build options to settings.json success in √, progress: 12%
8-20-2026 21:27:55-debug: [Build Memory track]: Sort some build options to settings.json start:209.25MB, end 209.27MB, increase: 20.57KB
8-20-2026 21:27:55-debug: Fill script data to settings start, progress: 12%
8-20-2026 21:27:55-debug: // ---- build task Fill script data to settings ----
8-20-2026 21:27:55-log: run build task Fill script data to settings success in √, progress: 13%
8-20-2026 21:27:55-debug: [Build Memory track]: Fill script data to settings start:209.30MB, end 209.32MB, increase: 19.19KB
8-20-2026 21:27:55-debug: // ---- build task Sort some build options to settings.json ----
8-20-2026 21:27:55-debug: Sort some build options to settings.json start, progress: 13%
8-20-2026 21:27:55-debug: // ---- build task Sort some build options to settings.json ---- (5ms)
8-20-2026 21:27:55-log: run build task Sort some build options to settings.json success in 5 ms√, progress: 15%
8-20-2026 21:27:55-debug: [Build Memory track]: Sort some build options to settings.json start:209.35MB, end 208.95MB, increase: -418.51KB
8-20-2026 21:28:01-debug: %cImport%c: D:\CocosProject\PLY_Dreamyroom_Cocos\assets\6.Scenes\PlayScene.scenebackground: #aaff85; color: #000;color: #000;
8-20-2026 21:28:01-debug: asset-db:reimport-asset37150f18-4c52-4f26-bdc5-00b4308270f1 (37ms)
8-20-2026 21:28:02-debug: Query all assets info in project
8-20-2026 21:28:02-debug: init custom config: keepNodeUuid: false, useCache: true
8-20-2026 21:28:02-debug: Skip compress image, progress: 0%
8-20-2026 21:28:02-debug: Num of bundles: 3..., progress: 0%
8-20-2026 21:28:02-debug: Init all bundles start..., progress: 0%
8-20-2026 21:28:02-debug: // ---- build task Query asset bundle ----
8-20-2026 21:28:02-debug: Query asset bundle start, progress: 0%
8-20-2026 21:28:02-debug: Init bundle root assets start..., progress: 0%
8-20-2026 21:28:02-debug: Query preload assets/scripts from cc.config.json: 60f7195c-ec2a-45eb-ba94-8955f60e81d0,1c02ae6f-4492-4915-b8f8-7492a3b1e4cd,810e96e4-e456-4468-9b59-f4e8f39732c0,efe8e2a3-eace-427b-b4f1-cb8a937ec77d,e9aa9a3e-5b2b-4ac7-a2c7-073de2b2b24f,8bbdbcdd-5cd4-4100-b6d5-b7c9625b6107,50f4348b-c883-4e2f-8f11-ce233b859fa1,fda095cb-831d-4601-ad94-846013963de8,f92806d7-1768-443f-afe8-12bcde84d0f0,dd3a144d-ab7f-41f0-82b8-2e43a090d496,f0416e68-0200-4b77-a926-4f9d16e494da,511d2633-09a7-4bdd-ac42-f778032124b3,5d45aa00-e064-4938-b314-4265f0c2258c,9361fd90-ba52-4f84-aa93-6e878fd576ca,970b0598-bcb0-4714-91fb-2e81440dccd8,bcd64cc6-2dd9-43f6-abbe-66318d332032,d930590d-bb92-4cc8-8bd1-23cd027f9edf,a3cd009f-0ab0-420d-9278-b9fdab939bbc,6a2d0734-bd9e-4ddf-946e-caa52498cb75,15049ccd-4dd7-451e-a8ae-af66735c929e,521c5f6e-1a26-42e2-8108-4400c912d9bf,4c3ce6de-e6d1-47f7-aa36-36b9b58f72d3,4361db28-3f24-44cc-8e51-32ee5fd651ac,cafd95c9-c558-46f9-9812-1224b65c09ee,28d6d6b8-3f66-4a73-9795-17a0852ba2d4,2df0a40b-26c2-47ce-be0d-4d3cd4164737,dace6a58-1705-48c7-a275-70afc9534e88,ec8106fe-05bf-4e94-943c-e0d3b7bb5e45,39f74202-ead5-4a45-b966-273d526adbf1,8f6ac413-2f1e-4b88-b26f-54556b5dd510,45e7c0c8-2699-4912-b45f-d42bb8384189,84ac6f69-3086-455a-86a4-561da8ee710b,5c601d96-e4c7-4698-991b-7ee674b11079,bf0a6d94-58f0-4ad2-bdf2-c4a31c7dd856,d1346436-ac96-4271-b863-1f4fdead95b0,971bdb23-3ff6-43eb-b422-1c30165a3663,17debcc3-0a6b-4b8a-b00b-dc58b885581e,711ebe11-f673-4cd9-9a83-63c60ba54c5b,c0143906-9aed-447e-9436-2ae8512d1b6e,14da1725-c4c2-42b4-ab08-ee0aeb6898b3,081cab31-dccd-428e-8652-f2404cc81c47,78e0584a-4343-4727-8f37-e14e65c2a2db,871c3b6c-7379-419d-bda3-794b239ab90d,c27215d8-6835-4b68-bfbb-bdeac6100c04,b5d6115f-0370-4d7c-aad3-c194cc71cf98,ff9b0199-ce04-4cfe-86cc-6c719f08d6e4,de1c2107-70c8-4021-8459-6399f24d01c6,cbf30902-517f-40dc-af90-a550bac27cf1
8-20-2026 21:28:02-debug:   Number of all scenes: 1
8-20-2026 21:28:02-debug:   Number of all scripts: 68
8-20-2026 21:28:02-debug: Init bundle root assets success..., progress: 0%
8-20-2026 21:28:02-debug:   Number of other assets: 1265
8-20-2026 21:28:02-debug: // ---- build task Query asset bundle ---- (14ms)
8-20-2026 21:28:02-log: run build task Query asset bundle success in 14 ms√, progress: 5%
8-20-2026 21:28:02-debug: [Build Memory track]: Query asset bundle start:214.41MB, end 213.87MB, increase: -549.05KB
8-20-2026 21:28:02-debug: Query asset bundle start, progress: 5%
8-20-2026 21:28:02-debug: // ---- build task Query asset bundle ----
8-20-2026 21:28:02-debug: // ---- build task Query asset bundle ---- (2ms)
8-20-2026 21:28:02-log: run build task Query asset bundle success in 2 ms√, progress: 10%
8-20-2026 21:28:02-debug: // ---- build task Sort some build options to settings.json ----
8-20-2026 21:28:02-debug: Sort some build options to settings.json start, progress: 10%
8-20-2026 21:28:02-debug: [Build Memory track]: Query asset bundle start:213.90MB, end 214.15MB, increase: 249.98KB
8-20-2026 21:28:02-log: run build task Sort some build options to settings.json success in √, progress: 12%
8-20-2026 21:28:02-debug: [Build Memory track]: Sort some build options to settings.json start:214.18MB, end 214.21MB, increase: 30.09KB
8-20-2026 21:28:02-debug: // ---- build task Fill script data to settings ----
8-20-2026 21:28:02-debug: Fill script data to settings start, progress: 12%
8-20-2026 21:28:02-debug: // ---- build task Fill script data to settings ---- (1ms)
8-20-2026 21:28:02-log: run build task Fill script data to settings success in 1 ms√, progress: 13%
8-20-2026 21:28:02-debug: Sort some build options to settings.json start, progress: 13%
8-20-2026 21:28:02-debug: [Build Memory track]: Fill script data to settings start:214.24MB, end 214.27MB, increase: 30.25KB
8-20-2026 21:28:02-debug: // ---- build task Sort some build options to settings.json ----
8-20-2026 21:28:02-log: run build task Sort some build options to settings.json success in 4 ms√, progress: 15%
8-20-2026 21:28:02-debug: [Build Memory track]: Sort some build options to settings.json start:214.31MB, end 214.61MB, increase: 310.40KB
8-20-2026 21:28:02-debug: // ---- build task Sort some build options to settings.json ---- (4ms)
8-20-2026 21:28:14-debug: %cImport%c: D:\CocosProject\PLY_Dreamyroom_Cocos\assets\6.Scenes\PlayScene.scenebackground: #aaff85; color: #000;color: #000;
8-20-2026 21:28:14-debug: asset-db:reimport-asset37150f18-4c52-4f26-bdc5-00b4308270f1 (40ms)
8-20-2026 21:28:15-debug: Query all assets info in project
8-20-2026 21:28:15-debug: init custom config: keepNodeUuid: false, useCache: true
8-20-2026 21:28:15-debug: Skip compress image, progress: 0%
8-20-2026 21:28:15-debug: Init all bundles start..., progress: 0%
8-20-2026 21:28:15-debug: Init bundle root assets start..., progress: 0%
8-20-2026 21:28:15-debug: Num of bundles: 3..., progress: 0%
8-20-2026 21:28:15-debug: // ---- build task Query asset bundle ----
8-20-2026 21:28:15-debug: Query asset bundle start, progress: 0%
8-20-2026 21:28:15-debug: Query preload assets/scripts from cc.config.json: 60f7195c-ec2a-45eb-ba94-8955f60e81d0,1c02ae6f-4492-4915-b8f8-7492a3b1e4cd,810e96e4-e456-4468-9b59-f4e8f39732c0,efe8e2a3-eace-427b-b4f1-cb8a937ec77d,e9aa9a3e-5b2b-4ac7-a2c7-073de2b2b24f,8bbdbcdd-5cd4-4100-b6d5-b7c9625b6107,50f4348b-c883-4e2f-8f11-ce233b859fa1,fda095cb-831d-4601-ad94-846013963de8,f92806d7-1768-443f-afe8-12bcde84d0f0,dd3a144d-ab7f-41f0-82b8-2e43a090d496,f0416e68-0200-4b77-a926-4f9d16e494da,511d2633-09a7-4bdd-ac42-f778032124b3,5d45aa00-e064-4938-b314-4265f0c2258c,9361fd90-ba52-4f84-aa93-6e878fd576ca,970b0598-bcb0-4714-91fb-2e81440dccd8,bcd64cc6-2dd9-43f6-abbe-66318d332032,d930590d-bb92-4cc8-8bd1-23cd027f9edf,a3cd009f-0ab0-420d-9278-b9fdab939bbc,6a2d0734-bd9e-4ddf-946e-caa52498cb75,15049ccd-4dd7-451e-a8ae-af66735c929e,521c5f6e-1a26-42e2-8108-4400c912d9bf,4c3ce6de-e6d1-47f7-aa36-36b9b58f72d3,4361db28-3f24-44cc-8e51-32ee5fd651ac,cafd95c9-c558-46f9-9812-1224b65c09ee,28d6d6b8-3f66-4a73-9795-17a0852ba2d4,2df0a40b-26c2-47ce-be0d-4d3cd4164737,dace6a58-1705-48c7-a275-70afc9534e88,ec8106fe-05bf-4e94-943c-e0d3b7bb5e45,39f74202-ead5-4a45-b966-273d526adbf1,8f6ac413-2f1e-4b88-b26f-54556b5dd510,45e7c0c8-2699-4912-b45f-d42bb8384189,84ac6f69-3086-455a-86a4-561da8ee710b,5c601d96-e4c7-4698-991b-7ee674b11079,bf0a6d94-58f0-4ad2-bdf2-c4a31c7dd856,d1346436-ac96-4271-b863-1f4fdead95b0,971bdb23-3ff6-43eb-b422-1c30165a3663,17debcc3-0a6b-4b8a-b00b-dc58b885581e,711ebe11-f673-4cd9-9a83-63c60ba54c5b,c0143906-9aed-447e-9436-2ae8512d1b6e,14da1725-c4c2-42b4-ab08-ee0aeb6898b3,081cab31-dccd-428e-8652-f2404cc81c47,78e0584a-4343-4727-8f37-e14e65c2a2db,871c3b6c-7379-419d-bda3-794b239ab90d,c27215d8-6835-4b68-bfbb-bdeac6100c04,b5d6115f-0370-4d7c-aad3-c194cc71cf98,ff9b0199-ce04-4cfe-86cc-6c719f08d6e4,de1c2107-70c8-4021-8459-6399f24d01c6,cbf30902-517f-40dc-af90-a550bac27cf1
8-20-2026 21:28:15-debug: Init bundle root assets success..., progress: 0%
8-20-2026 21:28:15-debug:   Number of all scenes: 1
8-20-2026 21:28:15-debug:   Number of all scripts: 68
8-20-2026 21:28:15-debug:   Number of other assets: 1265
8-20-2026 21:28:15-debug: // ---- build task Query asset bundle ---- (16ms)
8-20-2026 21:28:15-log: run build task Query asset bundle success in 16 ms√, progress: 5%
8-20-2026 21:28:15-debug: [Build Memory track]: Query asset bundle start:219.12MB, end 218.63MB, increase: -504.62KB
8-20-2026 21:28:15-debug: Query asset bundle start, progress: 5%
8-20-2026 21:28:15-debug: // ---- build task Query asset bundle ----
8-20-2026 21:28:15-debug: // ---- build task Query asset bundle ---- (2ms)
8-20-2026 21:28:15-log: run build task Query asset bundle success in 2 ms√, progress: 10%
8-20-2026 21:28:15-debug: Sort some build options to settings.json start, progress: 10%
8-20-2026 21:28:15-debug: [Build Memory track]: Query asset bundle start:218.66MB, end 218.05MB, increase: -625.02KB
8-20-2026 21:28:15-debug: // ---- build task Sort some build options to settings.json ----
8-20-2026 21:28:15-log: run build task Sort some build options to settings.json success in √, progress: 12%
8-20-2026 21:28:15-debug: [Build Memory track]: Sort some build options to settings.json start:218.09MB, end 218.10MB, increase: 19.74KB
8-20-2026 21:28:15-debug: // ---- build task Fill script data to settings ----
8-20-2026 21:28:15-debug: Fill script data to settings start, progress: 12%
8-20-2026 21:28:15-debug: [Build Memory track]: Fill script data to settings start:218.14MB, end 218.16MB, increase: 19.72KB
8-20-2026 21:28:15-log: run build task Fill script data to settings success in √, progress: 13%
8-20-2026 21:28:15-debug: // ---- build task Sort some build options to settings.json ----
8-20-2026 21:28:15-debug: Sort some build options to settings.json start, progress: 13%
8-20-2026 21:28:15-log: run build task Sort some build options to settings.json success in 5 ms√, progress: 15%
8-20-2026 21:28:15-debug: [Build Memory track]: Sort some build options to settings.json start:218.19MB, end 218.50MB, increase: 316.34KB
8-20-2026 21:28:15-debug: // ---- build task Sort some build options to settings.json ---- (5ms)
8-20-2026 21:28:17-debug: %cImport%c: D:\CocosProject\PLY_Dreamyroom_Cocos\assets\0.Spine\box-ingame.pngbackground: #aaff85; color: #000;color: #000;
8-20-2026 21:28:17-debug: %cReImport%c: D:\CocosProject\PLY_Dreamyroom_Cocos\assets\0.Spine\box-ingame.png@6c48abackground: #aaff85; color: #000;color: #000;
8-20-2026 21:28:17-debug: %cReImport%c: D:\CocosProject\PLY_Dreamyroom_Cocos\assets\0.Spine\box-ingame.png@f9941background: #aaff85; color: #000;color: #000;
8-20-2026 21:28:17-debug: %cImport%c: D:\CocosProject\PLY_Dreamyroom_Cocos\assets\0.Spine\box-ingame.jsonbackground: #aaff85; color: #000;color: #000;
8-20-2026 21:28:17-log: UUID is initialized for D:\CocosProject\PLY_Dreamyroom_Cocos\assets\0.Spine\box-ingame.png.
8-20-2026 21:28:17-debug: asset-db:reimport-assetb55a76fd-0305-493d-b1cc-37b379c81126 (94ms)
8-20-2026 21:28:37-debug: %cImport%c: D:\CocosProject\PLY_Dreamyroom_Cocos\assets\6.Scenes\PlayScene.scenebackground: #aaff85; color: #000;color: #000;
8-20-2026 21:28:37-debug: asset-db:reimport-asset37150f18-4c52-4f26-bdc5-00b4308270f1 (47ms)
8-20-2026 21:28:37-debug: Query all assets info in project
8-20-2026 21:28:37-debug: init custom config: keepNodeUuid: false, useCache: true
8-20-2026 21:28:37-debug: Skip compress image, progress: 0%
8-20-2026 21:28:37-debug: Init all bundles start..., progress: 0%
8-20-2026 21:28:37-debug: // ---- build task Query asset bundle ----
8-20-2026 21:28:37-debug: Init bundle root assets start..., progress: 0%
8-20-2026 21:28:37-debug: Num of bundles: 3..., progress: 0%
8-20-2026 21:28:37-debug: Query asset bundle start, progress: 0%
8-20-2026 21:28:37-debug: Query preload assets/scripts from cc.config.json: 60f7195c-ec2a-45eb-ba94-8955f60e81d0,1c02ae6f-4492-4915-b8f8-7492a3b1e4cd,810e96e4-e456-4468-9b59-f4e8f39732c0,efe8e2a3-eace-427b-b4f1-cb8a937ec77d,e9aa9a3e-5b2b-4ac7-a2c7-073de2b2b24f,8bbdbcdd-5cd4-4100-b6d5-b7c9625b6107,50f4348b-c883-4e2f-8f11-ce233b859fa1,fda095cb-831d-4601-ad94-846013963de8,f92806d7-1768-443f-afe8-12bcde84d0f0,dd3a144d-ab7f-41f0-82b8-2e43a090d496,f0416e68-0200-4b77-a926-4f9d16e494da,511d2633-09a7-4bdd-ac42-f778032124b3,5d45aa00-e064-4938-b314-4265f0c2258c,9361fd90-ba52-4f84-aa93-6e878fd576ca,970b0598-bcb0-4714-91fb-2e81440dccd8,bcd64cc6-2dd9-43f6-abbe-66318d332032,d930590d-bb92-4cc8-8bd1-23cd027f9edf,a3cd009f-0ab0-420d-9278-b9fdab939bbc,6a2d0734-bd9e-4ddf-946e-caa52498cb75,15049ccd-4dd7-451e-a8ae-af66735c929e,521c5f6e-1a26-42e2-8108-4400c912d9bf,4c3ce6de-e6d1-47f7-aa36-36b9b58f72d3,4361db28-3f24-44cc-8e51-32ee5fd651ac,cafd95c9-c558-46f9-9812-1224b65c09ee,28d6d6b8-3f66-4a73-9795-17a0852ba2d4,2df0a40b-26c2-47ce-be0d-4d3cd4164737,dace6a58-1705-48c7-a275-70afc9534e88,ec8106fe-05bf-4e94-943c-e0d3b7bb5e45,39f74202-ead5-4a45-b966-273d526adbf1,8f6ac413-2f1e-4b88-b26f-54556b5dd510,45e7c0c8-2699-4912-b45f-d42bb8384189,84ac6f69-3086-455a-86a4-561da8ee710b,5c601d96-e4c7-4698-991b-7ee674b11079,bf0a6d94-58f0-4ad2-bdf2-c4a31c7dd856,d1346436-ac96-4271-b863-1f4fdead95b0,971bdb23-3ff6-43eb-b422-1c30165a3663,17debcc3-0a6b-4b8a-b00b-dc58b885581e,711ebe11-f673-4cd9-9a83-63c60ba54c5b,c0143906-9aed-447e-9436-2ae8512d1b6e,14da1725-c4c2-42b4-ab08-ee0aeb6898b3,081cab31-dccd-428e-8652-f2404cc81c47,78e0584a-4343-4727-8f37-e14e65c2a2db,871c3b6c-7379-419d-bda3-794b239ab90d,c27215d8-6835-4b68-bfbb-bdeac6100c04,b5d6115f-0370-4d7c-aad3-c194cc71cf98,ff9b0199-ce04-4cfe-86cc-6c719f08d6e4,de1c2107-70c8-4021-8459-6399f24d01c6,cbf30902-517f-40dc-af90-a550bac27cf1
8-20-2026 21:28:37-debug:   Number of all scripts: 68
8-20-2026 21:28:37-debug: Init bundle root assets success..., progress: 0%
8-20-2026 21:28:37-debug:   Number of all scenes: 1
8-20-2026 21:28:37-debug:   Number of other assets: 1265
8-20-2026 21:28:37-log: run build task Query asset bundle success in 18 ms√, progress: 5%
8-20-2026 21:28:37-debug: [Build Memory track]: Query asset bundle start:207.56MB, end 207.09MB, increase: -474.50KB
8-20-2026 21:28:37-debug: Query asset bundle start, progress: 5%
8-20-2026 21:28:37-debug: // ---- build task Query asset bundle ----
8-20-2026 21:28:37-debug: // ---- build task Query asset bundle ---- (18ms)
8-20-2026 21:28:37-debug: // ---- build task Query asset bundle ---- (4ms)
8-20-2026 21:28:37-log: run build task Query asset bundle success in 4 ms√, progress: 10%
8-20-2026 21:28:37-debug: [Build Memory track]: Query asset bundle start:207.13MB, end 206.52MB, increase: -624.12KB
8-20-2026 21:28:37-debug: Sort some build options to settings.json start, progress: 10%
8-20-2026 21:28:37-debug: // ---- build task Sort some build options to settings.json ----
8-20-2026 21:28:37-debug: // ---- build task Sort some build options to settings.json ---- (1ms)
8-20-2026 21:28:37-log: run build task Sort some build options to settings.json success in 1 ms√, progress: 12%
8-20-2026 21:28:37-debug: [Build Memory track]: Sort some build options to settings.json start:206.55MB, end 206.58MB, increase: 31.61KB
8-20-2026 21:28:37-debug: // ---- build task Fill script data to settings ----
8-20-2026 21:28:37-debug: Fill script data to settings start, progress: 12%
8-20-2026 21:28:37-debug: // ---- build task Fill script data to settings ---- (1ms)
8-20-2026 21:28:37-log: run build task Fill script data to settings success in 1 ms√, progress: 13%
8-20-2026 21:28:37-debug: [Build Memory track]: Fill script data to settings start:206.62MB, end 206.65MB, increase: 28.84KB
8-20-2026 21:28:37-debug: Sort some build options to settings.json start, progress: 13%
8-20-2026 21:28:37-debug: // ---- build task Sort some build options to settings.json ----
8-20-2026 21:28:37-log: run build task Sort some build options to settings.json success in 7 ms√, progress: 15%
8-20-2026 21:28:37-debug: [Build Memory track]: Sort some build options to settings.json start:206.68MB, end 207.00MB, increase: 330.24KB
8-20-2026 21:28:37-debug: // ---- build task Sort some build options to settings.json ---- (7ms)
8-20-2026 21:29:10-debug: %cImport%c: D:\CocosProject\PLY_Dreamyroom_Cocos\assets\6.Scenes\PlayScene.scenebackground: #aaff85; color: #000;color: #000;
8-20-2026 21:29:10-debug: asset-db:reimport-asset37150f18-4c52-4f26-bdc5-00b4308270f1 (48ms)
8-20-2026 21:29:11-debug: Query all assets info in project
8-20-2026 21:29:11-debug: init custom config: keepNodeUuid: false, useCache: true
8-20-2026 21:29:11-debug: Skip compress image, progress: 0%
8-20-2026 21:29:11-debug: Num of bundles: 3..., progress: 0%
8-20-2026 21:29:11-debug: Init all bundles start..., progress: 0%
8-20-2026 21:29:11-debug: Init bundle root assets start..., progress: 0%
8-20-2026 21:29:11-debug: // ---- build task Query asset bundle ----
8-20-2026 21:29:11-debug: Query asset bundle start, progress: 0%
8-20-2026 21:29:11-debug: Query preload assets/scripts from cc.config.json: 60f7195c-ec2a-45eb-ba94-8955f60e81d0,1c02ae6f-4492-4915-b8f8-7492a3b1e4cd,810e96e4-e456-4468-9b59-f4e8f39732c0,efe8e2a3-eace-427b-b4f1-cb8a937ec77d,e9aa9a3e-5b2b-4ac7-a2c7-073de2b2b24f,8bbdbcdd-5cd4-4100-b6d5-b7c9625b6107,50f4348b-c883-4e2f-8f11-ce233b859fa1,fda095cb-831d-4601-ad94-846013963de8,f92806d7-1768-443f-afe8-12bcde84d0f0,dd3a144d-ab7f-41f0-82b8-2e43a090d496,f0416e68-0200-4b77-a926-4f9d16e494da,511d2633-09a7-4bdd-ac42-f778032124b3,5d45aa00-e064-4938-b314-4265f0c2258c,9361fd90-ba52-4f84-aa93-6e878fd576ca,970b0598-bcb0-4714-91fb-2e81440dccd8,bcd64cc6-2dd9-43f6-abbe-66318d332032,d930590d-bb92-4cc8-8bd1-23cd027f9edf,a3cd009f-0ab0-420d-9278-b9fdab939bbc,6a2d0734-bd9e-4ddf-946e-caa52498cb75,15049ccd-4dd7-451e-a8ae-af66735c929e,521c5f6e-1a26-42e2-8108-4400c912d9bf,4c3ce6de-e6d1-47f7-aa36-36b9b58f72d3,4361db28-3f24-44cc-8e51-32ee5fd651ac,cafd95c9-c558-46f9-9812-1224b65c09ee,28d6d6b8-3f66-4a73-9795-17a0852ba2d4,2df0a40b-26c2-47ce-be0d-4d3cd4164737,dace6a58-1705-48c7-a275-70afc9534e88,ec8106fe-05bf-4e94-943c-e0d3b7bb5e45,39f74202-ead5-4a45-b966-273d526adbf1,8f6ac413-2f1e-4b88-b26f-54556b5dd510,45e7c0c8-2699-4912-b45f-d42bb8384189,84ac6f69-3086-455a-86a4-561da8ee710b,5c601d96-e4c7-4698-991b-7ee674b11079,bf0a6d94-58f0-4ad2-bdf2-c4a31c7dd856,d1346436-ac96-4271-b863-1f4fdead95b0,971bdb23-3ff6-43eb-b422-1c30165a3663,17debcc3-0a6b-4b8a-b00b-dc58b885581e,711ebe11-f673-4cd9-9a83-63c60ba54c5b,c0143906-9aed-447e-9436-2ae8512d1b6e,14da1725-c4c2-42b4-ab08-ee0aeb6898b3,081cab31-dccd-428e-8652-f2404cc81c47,78e0584a-4343-4727-8f37-e14e65c2a2db,871c3b6c-7379-419d-bda3-794b239ab90d,c27215d8-6835-4b68-bfbb-bdeac6100c04,b5d6115f-0370-4d7c-aad3-c194cc71cf98,ff9b0199-ce04-4cfe-86cc-6c719f08d6e4,de1c2107-70c8-4021-8459-6399f24d01c6,cbf30902-517f-40dc-af90-a550bac27cf1
8-20-2026 21:29:11-debug:   Number of other assets: 1265
8-20-2026 21:29:11-debug: Init bundle root assets success..., progress: 0%
8-20-2026 21:29:11-debug:   Number of all scripts: 68
8-20-2026 21:29:11-debug:   Number of all scenes: 1
8-20-2026 21:29:11-debug: // ---- build task Query asset bundle ---- (17ms)
8-20-2026 21:29:11-log: run build task Query asset bundle success in 17 ms√, progress: 5%
8-20-2026 21:29:11-debug: [Build Memory track]: Query asset bundle start:212.26MB, end 211.72MB, increase: -545.27KB
8-20-2026 21:29:11-debug: // ---- build task Query asset bundle ----
8-20-2026 21:29:11-debug: Query asset bundle start, progress: 5%
8-20-2026 21:29:11-debug: // ---- build task Query asset bundle ---- (3ms)
8-20-2026 21:29:11-log: run build task Query asset bundle success in 3 ms√, progress: 10%
8-20-2026 21:29:11-debug: // ---- build task Sort some build options to settings.json ----
8-20-2026 21:29:11-debug: Sort some build options to settings.json start, progress: 10%
8-20-2026 21:29:11-debug: [Build Memory track]: Query asset bundle start:211.76MB, end 211.19MB, increase: -578.41KB
8-20-2026 21:29:11-log: run build task Sort some build options to settings.json success in √, progress: 12%
8-20-2026 21:29:11-debug: [Build Memory track]: Sort some build options to settings.json start:211.23MB, end 211.25MB, increase: 21.49KB
8-20-2026 21:29:11-debug: Fill script data to settings start, progress: 12%
8-20-2026 21:29:11-debug: // ---- build task Fill script data to settings ----
8-20-2026 21:29:11-debug: // ---- build task Fill script data to settings ---- (2ms)
8-20-2026 21:29:11-log: run build task Fill script data to settings success in 2 ms√, progress: 13%
8-20-2026 21:29:11-debug: Sort some build options to settings.json start, progress: 13%
8-20-2026 21:29:11-debug: [Build Memory track]: Fill script data to settings start:211.28MB, end 211.31MB, increase: 31.28KB
8-20-2026 21:29:11-debug: // ---- build task Sort some build options to settings.json ----
8-20-2026 21:29:11-debug: // ---- build task Sort some build options to settings.json ---- (4ms)
8-20-2026 21:29:11-log: run build task Sort some build options to settings.json success in 4 ms√, progress: 15%
8-20-2026 21:29:11-debug: [Build Memory track]: Sort some build options to settings.json start:211.34MB, end 211.66MB, increase: 319.39KB
8-20-2026 21:29:24-debug: %cImport%c: D:\CocosProject\PLY_Dreamyroom_Cocos\assets\6.Scenes\PlayScene.scenebackground: #aaff85; color: #000;color: #000;
8-20-2026 21:29:24-debug: asset-db:reimport-asset37150f18-4c52-4f26-bdc5-00b4308270f1 (32ms)
8-20-2026 21:29:25-debug: Query all assets info in project
8-20-2026 21:29:25-debug: init custom config: keepNodeUuid: false, useCache: true
8-20-2026 21:29:25-debug: Skip compress image, progress: 0%
8-20-2026 21:29:25-debug: Init all bundles start..., progress: 0%
8-20-2026 21:29:25-debug: Query asset bundle start, progress: 0%
8-20-2026 21:29:25-debug: Num of bundles: 3..., progress: 0%
8-20-2026 21:29:25-debug: // ---- build task Query asset bundle ----
8-20-2026 21:29:25-debug: Init bundle root assets start..., progress: 0%
8-20-2026 21:29:25-debug:   Number of all scripts: 68
8-20-2026 21:29:25-debug:   Number of other assets: 1265
8-20-2026 21:29:25-debug: Init bundle root assets success..., progress: 0%
8-20-2026 21:29:25-debug: Query preload assets/scripts from cc.config.json: 60f7195c-ec2a-45eb-ba94-8955f60e81d0,1c02ae6f-4492-4915-b8f8-7492a3b1e4cd,810e96e4-e456-4468-9b59-f4e8f39732c0,efe8e2a3-eace-427b-b4f1-cb8a937ec77d,e9aa9a3e-5b2b-4ac7-a2c7-073de2b2b24f,8bbdbcdd-5cd4-4100-b6d5-b7c9625b6107,50f4348b-c883-4e2f-8f11-ce233b859fa1,fda095cb-831d-4601-ad94-846013963de8,f92806d7-1768-443f-afe8-12bcde84d0f0,dd3a144d-ab7f-41f0-82b8-2e43a090d496,f0416e68-0200-4b77-a926-4f9d16e494da,511d2633-09a7-4bdd-ac42-f778032124b3,5d45aa00-e064-4938-b314-4265f0c2258c,9361fd90-ba52-4f84-aa93-6e878fd576ca,970b0598-bcb0-4714-91fb-2e81440dccd8,bcd64cc6-2dd9-43f6-abbe-66318d332032,d930590d-bb92-4cc8-8bd1-23cd027f9edf,a3cd009f-0ab0-420d-9278-b9fdab939bbc,6a2d0734-bd9e-4ddf-946e-caa52498cb75,15049ccd-4dd7-451e-a8ae-af66735c929e,521c5f6e-1a26-42e2-8108-4400c912d9bf,4c3ce6de-e6d1-47f7-aa36-36b9b58f72d3,4361db28-3f24-44cc-8e51-32ee5fd651ac,cafd95c9-c558-46f9-9812-1224b65c09ee,28d6d6b8-3f66-4a73-9795-17a0852ba2d4,2df0a40b-26c2-47ce-be0d-4d3cd4164737,dace6a58-1705-48c7-a275-70afc9534e88,ec8106fe-05bf-4e94-943c-e0d3b7bb5e45,39f74202-ead5-4a45-b966-273d526adbf1,8f6ac413-2f1e-4b88-b26f-54556b5dd510,45e7c0c8-2699-4912-b45f-d42bb8384189,84ac6f69-3086-455a-86a4-561da8ee710b,5c601d96-e4c7-4698-991b-7ee674b11079,bf0a6d94-58f0-4ad2-bdf2-c4a31c7dd856,d1346436-ac96-4271-b863-1f4fdead95b0,971bdb23-3ff6-43eb-b422-1c30165a3663,17debcc3-0a6b-4b8a-b00b-dc58b885581e,711ebe11-f673-4cd9-9a83-63c60ba54c5b,c0143906-9aed-447e-9436-2ae8512d1b6e,14da1725-c4c2-42b4-ab08-ee0aeb6898b3,081cab31-dccd-428e-8652-f2404cc81c47,78e0584a-4343-4727-8f37-e14e65c2a2db,871c3b6c-7379-419d-bda3-794b239ab90d,c27215d8-6835-4b68-bfbb-bdeac6100c04,b5d6115f-0370-4d7c-aad3-c194cc71cf98,ff9b0199-ce04-4cfe-86cc-6c719f08d6e4,de1c2107-70c8-4021-8459-6399f24d01c6,cbf30902-517f-40dc-af90-a550bac27cf1
8-20-2026 21:29:25-debug:   Number of all scenes: 1
8-20-2026 21:29:25-debug: // ---- build task Query asset bundle ---- (17ms)
8-20-2026 21:29:25-log: run build task Query asset bundle success in 17 ms√, progress: 5%
8-20-2026 21:29:25-debug: Query asset bundle start, progress: 5%
8-20-2026 21:29:25-debug: // ---- build task Query asset bundle ----
8-20-2026 21:29:25-debug: [Build Memory track]: Query asset bundle start:216.92MB, end 216.38MB, increase: -555.22KB
8-20-2026 21:29:25-debug: // ---- build task Query asset bundle ---- (3ms)
8-20-2026 21:29:25-log: run build task Query asset bundle success in 3 ms√, progress: 10%
8-20-2026 21:29:25-debug: Sort some build options to settings.json start, progress: 10%
8-20-2026 21:29:25-debug: [Build Memory track]: Query asset bundle start:216.41MB, end 215.85MB, increase: -575.30KB
8-20-2026 21:29:25-debug: // ---- build task Sort some build options to settings.json ----
8-20-2026 21:29:25-log: run build task Sort some build options to settings.json success in √, progress: 12%
8-20-2026 21:29:25-debug: [Build Memory track]: Sort some build options to settings.json start:215.88MB, end 215.90MB, increase: 19.91KB
8-20-2026 21:29:25-debug: // ---- build task Fill script data to settings ----
8-20-2026 21:29:25-debug: Fill script data to settings start, progress: 12%
8-20-2026 21:29:25-log: run build task Fill script data to settings success in √, progress: 13%
8-20-2026 21:29:25-debug: [Build Memory track]: Fill script data to settings start:215.94MB, end 215.96MB, increase: 19.45KB
8-20-2026 21:29:25-debug: Sort some build options to settings.json start, progress: 13%
8-20-2026 21:29:25-debug: // ---- build task Sort some build options to settings.json ----
8-20-2026 21:29:25-debug: // ---- build task Sort some build options to settings.json ---- (5ms)
8-20-2026 21:29:25-log: run build task Sort some build options to settings.json success in 5 ms√, progress: 15%
8-20-2026 21:29:25-debug: [Build Memory track]: Sort some build options to settings.json start:215.99MB, end 216.31MB, increase: 330.01KB
8-20-2026 21:29:26-debug: %cImport%c: D:\CocosProject\PLY_Dreamyroom_Cocos\assets\6.Scenes\PlayScene.scenebackground: #aaff85; color: #000;color: #000;
8-20-2026 21:29:26-debug: asset-db:reimport-asset37150f18-4c52-4f26-bdc5-00b4308270f1 (33ms)
8-20-2026 21:29:27-debug: Query all assets info in project
8-20-2026 21:29:27-debug: init custom config: keepNodeUuid: false, useCache: true
8-20-2026 21:29:27-debug: Skip compress image, progress: 0%
8-20-2026 21:29:27-debug: Init all bundles start..., progress: 0%
8-20-2026 21:29:27-debug: // ---- build task Query asset bundle ----
8-20-2026 21:29:27-debug: Init bundle root assets start..., progress: 0%
8-20-2026 21:29:27-debug: Query asset bundle start, progress: 0%
8-20-2026 21:29:27-debug: Num of bundles: 3..., progress: 0%
8-20-2026 21:29:27-debug: Query preload assets/scripts from cc.config.json: 60f7195c-ec2a-45eb-ba94-8955f60e81d0,1c02ae6f-4492-4915-b8f8-7492a3b1e4cd,810e96e4-e456-4468-9b59-f4e8f39732c0,efe8e2a3-eace-427b-b4f1-cb8a937ec77d,e9aa9a3e-5b2b-4ac7-a2c7-073de2b2b24f,8bbdbcdd-5cd4-4100-b6d5-b7c9625b6107,50f4348b-c883-4e2f-8f11-ce233b859fa1,fda095cb-831d-4601-ad94-846013963de8,f92806d7-1768-443f-afe8-12bcde84d0f0,dd3a144d-ab7f-41f0-82b8-2e43a090d496,f0416e68-0200-4b77-a926-4f9d16e494da,511d2633-09a7-4bdd-ac42-f778032124b3,5d45aa00-e064-4938-b314-4265f0c2258c,9361fd90-ba52-4f84-aa93-6e878fd576ca,970b0598-bcb0-4714-91fb-2e81440dccd8,bcd64cc6-2dd9-43f6-abbe-66318d332032,d930590d-bb92-4cc8-8bd1-23cd027f9edf,a3cd009f-0ab0-420d-9278-b9fdab939bbc,6a2d0734-bd9e-4ddf-946e-caa52498cb75,15049ccd-4dd7-451e-a8ae-af66735c929e,521c5f6e-1a26-42e2-8108-4400c912d9bf,4c3ce6de-e6d1-47f7-aa36-36b9b58f72d3,4361db28-3f24-44cc-8e51-32ee5fd651ac,cafd95c9-c558-46f9-9812-1224b65c09ee,28d6d6b8-3f66-4a73-9795-17a0852ba2d4,2df0a40b-26c2-47ce-be0d-4d3cd4164737,dace6a58-1705-48c7-a275-70afc9534e88,ec8106fe-05bf-4e94-943c-e0d3b7bb5e45,39f74202-ead5-4a45-b966-273d526adbf1,8f6ac413-2f1e-4b88-b26f-54556b5dd510,45e7c0c8-2699-4912-b45f-d42bb8384189,84ac6f69-3086-455a-86a4-561da8ee710b,5c601d96-e4c7-4698-991b-7ee674b11079,bf0a6d94-58f0-4ad2-bdf2-c4a31c7dd856,d1346436-ac96-4271-b863-1f4fdead95b0,971bdb23-3ff6-43eb-b422-1c30165a3663,17debcc3-0a6b-4b8a-b00b-dc58b885581e,711ebe11-f673-4cd9-9a83-63c60ba54c5b,c0143906-9aed-447e-9436-2ae8512d1b6e,14da1725-c4c2-42b4-ab08-ee0aeb6898b3,081cab31-dccd-428e-8652-f2404cc81c47,78e0584a-4343-4727-8f37-e14e65c2a2db,871c3b6c-7379-419d-bda3-794b239ab90d,c27215d8-6835-4b68-bfbb-bdeac6100c04,b5d6115f-0370-4d7c-aad3-c194cc71cf98,ff9b0199-ce04-4cfe-86cc-6c719f08d6e4,de1c2107-70c8-4021-8459-6399f24d01c6,cbf30902-517f-40dc-af90-a550bac27cf1
8-20-2026 21:29:27-debug: Init bundle root assets success..., progress: 0%
8-20-2026 21:29:27-debug:   Number of all scripts: 68
8-20-2026 21:29:27-debug:   Number of other assets: 1265
8-20-2026 21:29:27-debug:   Number of all scenes: 1
8-20-2026 21:29:27-debug: [Build Memory track]: Query asset bundle start:204.88MB, end 206.09MB, increase: 1.21MB
8-20-2026 21:29:27-debug: Query asset bundle start, progress: 5%
8-20-2026 21:29:27-debug: // ---- build task Query asset bundle ---- (15ms)
8-20-2026 21:29:27-log: run build task Query asset bundle success in 15 ms√, progress: 5%
8-20-2026 21:29:27-debug: // ---- build task Query asset bundle ----
8-20-2026 21:29:27-debug: // ---- build task Query asset bundle ---- (6ms)
8-20-2026 21:29:27-log: run build task Query asset bundle success in 6 ms√, progress: 10%
8-20-2026 21:29:27-debug: // ---- build task Sort some build options to settings.json ----
8-20-2026 21:29:27-debug: [Build Memory track]: Query asset bundle start:206.11MB, end 206.36MB, increase: 253.70KB
8-20-2026 21:29:27-debug: Sort some build options to settings.json start, progress: 10%
8-20-2026 21:29:27-debug: // ---- build task Sort some build options to settings.json ---- (1ms)
8-20-2026 21:29:27-debug: [Build Memory track]: Sort some build options to settings.json start:206.39MB, end 206.41MB, increase: 25.80KB
8-20-2026 21:29:27-debug: Fill script data to settings start, progress: 12%
8-20-2026 21:29:27-debug: // ---- build task Fill script data to settings ----
8-20-2026 21:29:27-log: run build task Sort some build options to settings.json success in 1 ms√, progress: 12%
8-20-2026 21:29:27-debug: // ---- build task Fill script data to settings ---- (1ms)
8-20-2026 21:29:27-log: run build task Fill script data to settings success in 1 ms√, progress: 13%
8-20-2026 21:29:27-debug: // ---- build task Sort some build options to settings.json ----
8-20-2026 21:29:27-debug: [Build Memory track]: Fill script data to settings start:206.44MB, end 206.47MB, increase: 28.05KB
8-20-2026 21:29:27-debug: Sort some build options to settings.json start, progress: 13%
8-20-2026 21:29:27-debug: // ---- build task Sort some build options to settings.json ---- (5ms)
8-20-2026 21:29:27-debug: [Build Memory track]: Sort some build options to settings.json start:206.49MB, end 206.81MB, increase: 320.77KB
8-20-2026 21:29:27-log: run build task Sort some build options to settings.json success in 5 ms√, progress: 15%
8-20-2026 21:29:29-debug: %cImport%c: D:\CocosProject\PLY_Dreamyroom_Cocos\assets\6.Scenes\PlayScene.scenebackground: #aaff85; color: #000;color: #000;
8-20-2026 21:29:29-debug: asset-db:reimport-asset37150f18-4c52-4f26-bdc5-00b4308270f1 (38ms)
8-20-2026 21:29:30-debug: Query all assets info in project
8-20-2026 21:29:30-debug: init custom config: keepNodeUuid: false, useCache: true
8-20-2026 21:29:30-debug: Skip compress image, progress: 0%
8-20-2026 21:29:30-debug: Init all bundles start..., progress: 0%
8-20-2026 21:29:30-debug: Init bundle root assets start..., progress: 0%
8-20-2026 21:29:30-debug: // ---- build task Query asset bundle ----
8-20-2026 21:29:30-debug: Num of bundles: 3..., progress: 0%
8-20-2026 21:29:30-debug: Query asset bundle start, progress: 0%
8-20-2026 21:29:30-debug: Query preload assets/scripts from cc.config.json: 60f7195c-ec2a-45eb-ba94-8955f60e81d0,1c02ae6f-4492-4915-b8f8-7492a3b1e4cd,810e96e4-e456-4468-9b59-f4e8f39732c0,efe8e2a3-eace-427b-b4f1-cb8a937ec77d,e9aa9a3e-5b2b-4ac7-a2c7-073de2b2b24f,8bbdbcdd-5cd4-4100-b6d5-b7c9625b6107,50f4348b-c883-4e2f-8f11-ce233b859fa1,fda095cb-831d-4601-ad94-846013963de8,f92806d7-1768-443f-afe8-12bcde84d0f0,dd3a144d-ab7f-41f0-82b8-2e43a090d496,f0416e68-0200-4b77-a926-4f9d16e494da,511d2633-09a7-4bdd-ac42-f778032124b3,5d45aa00-e064-4938-b314-4265f0c2258c,9361fd90-ba52-4f84-aa93-6e878fd576ca,970b0598-bcb0-4714-91fb-2e81440dccd8,bcd64cc6-2dd9-43f6-abbe-66318d332032,d930590d-bb92-4cc8-8bd1-23cd027f9edf,a3cd009f-0ab0-420d-9278-b9fdab939bbc,6a2d0734-bd9e-4ddf-946e-caa52498cb75,15049ccd-4dd7-451e-a8ae-af66735c929e,521c5f6e-1a26-42e2-8108-4400c912d9bf,4c3ce6de-e6d1-47f7-aa36-36b9b58f72d3,4361db28-3f24-44cc-8e51-32ee5fd651ac,cafd95c9-c558-46f9-9812-1224b65c09ee,28d6d6b8-3f66-4a73-9795-17a0852ba2d4,2df0a40b-26c2-47ce-be0d-4d3cd4164737,dace6a58-1705-48c7-a275-70afc9534e88,ec8106fe-05bf-4e94-943c-e0d3b7bb5e45,39f74202-ead5-4a45-b966-273d526adbf1,8f6ac413-2f1e-4b88-b26f-54556b5dd510,45e7c0c8-2699-4912-b45f-d42bb8384189,84ac6f69-3086-455a-86a4-561da8ee710b,5c601d96-e4c7-4698-991b-7ee674b11079,bf0a6d94-58f0-4ad2-bdf2-c4a31c7dd856,d1346436-ac96-4271-b863-1f4fdead95b0,971bdb23-3ff6-43eb-b422-1c30165a3663,17debcc3-0a6b-4b8a-b00b-dc58b885581e,711ebe11-f673-4cd9-9a83-63c60ba54c5b,c0143906-9aed-447e-9436-2ae8512d1b6e,14da1725-c4c2-42b4-ab08-ee0aeb6898b3,081cab31-dccd-428e-8652-f2404cc81c47,78e0584a-4343-4727-8f37-e14e65c2a2db,871c3b6c-7379-419d-bda3-794b239ab90d,c27215d8-6835-4b68-bfbb-bdeac6100c04,b5d6115f-0370-4d7c-aad3-c194cc71cf98,ff9b0199-ce04-4cfe-86cc-6c719f08d6e4,de1c2107-70c8-4021-8459-6399f24d01c6,cbf30902-517f-40dc-af90-a550bac27cf1
8-20-2026 21:29:30-debug: Init bundle root assets success..., progress: 0%
8-20-2026 21:29:30-debug:   Number of all scripts: 68
8-20-2026 21:29:30-debug:   Number of all scenes: 1
8-20-2026 21:29:30-debug:   Number of other assets: 1265
8-20-2026 21:29:30-debug: // ---- build task Query asset bundle ---- (19ms)
8-20-2026 21:29:30-log: run build task Query asset bundle success in 19 ms√, progress: 5%
8-20-2026 21:29:30-debug: [Build Memory track]: Query asset bundle start:209.54MB, end 207.45MB, increase: -2147.24KB
8-20-2026 21:29:30-debug: Query asset bundle start, progress: 5%
8-20-2026 21:29:30-debug: // ---- build task Query asset bundle ----
8-20-2026 21:29:30-debug: // ---- build task Query asset bundle ---- (4ms)
8-20-2026 21:29:30-log: run build task Query asset bundle success in 4 ms√, progress: 10%
8-20-2026 21:29:30-debug: [Build Memory track]: Query asset bundle start:207.47MB, end 207.72MB, increase: 254.86KB
8-20-2026 21:29:30-debug: // ---- build task Sort some build options to settings.json ----
8-20-2026 21:29:30-debug: Sort some build options to settings.json start, progress: 10%
8-20-2026 21:29:30-log: run build task Sort some build options to settings.json success in 1 ms√, progress: 12%
8-20-2026 21:29:30-debug: [Build Memory track]: Sort some build options to settings.json start:207.75MB, end 207.78MB, increase: 26.43KB
8-20-2026 21:29:30-debug: // ---- build task Fill script data to settings ----
8-20-2026 21:29:30-debug: // ---- build task Sort some build options to settings.json ---- (1ms)
8-20-2026 21:29:30-debug: Fill script data to settings start, progress: 12%
8-20-2026 21:29:30-debug: // ---- build task Fill script data to settings ---- (1ms)
8-20-2026 21:29:30-log: run build task Fill script data to settings success in 1 ms√, progress: 13%
8-20-2026 21:29:30-debug: Sort some build options to settings.json start, progress: 13%
8-20-2026 21:29:30-debug: [Build Memory track]: Fill script data to settings start:207.80MB, end 207.83MB, increase: 25.58KB
8-20-2026 21:29:30-debug: // ---- build task Sort some build options to settings.json ----
8-20-2026 21:29:30-debug: // ---- build task Sort some build options to settings.json ---- (4ms)
8-20-2026 21:29:30-log: run build task Sort some build options to settings.json success in 4 ms√, progress: 15%
8-20-2026 21:29:30-debug: [Build Memory track]: Sort some build options to settings.json start:207.85MB, end 208.16MB, increase: 309.91KB
8-20-2026 21:29:31-debug: refresh db internal success
8-20-2026 21:29:31-debug: refresh db assets success
8-20-2026 21:29:31-debug: Run asset db hook engine-extends:afterRefresh ...
8-20-2026 21:29:31-debug: Run asset db hook engine-extends:afterRefresh success!
8-20-2026 21:29:31-debug: asset-db:refresh-all-database (168ms)
8-20-2026 21:29:31-debug: asset-db:worker-effect-data-processing (1ms)
8-20-2026 21:29:31-debug: asset-db-hook-engine-extends-afterRefresh (2ms)
