8-3-2026 14:04:39-debug: asset-db:worker-init (1038ms)
8-3-2026 14:04:39-debug: Preimport db internal success
8-3-2026 14:04:39-debug: Preimport db assets success
8-3-2026 14:04:39-debug: asset-db:worker-effect-data-processing (196ms)
8-3-2026 14:04:44-debug: Set detail map pack:///resolution-detail-map.json: {}
8-3-2026 14:04:44-debug: Start up the 'internal' database...
8-3-2026 14:04:44-debug: asset-db:worker-init-script (236ms)
8-3-2026 14:04:44-debug: start asset-db with asset: 419
8-3-2026 14:04:44-debug: Start up the 'assets' database...
8-3-2026 14:04:44-debug: asset-db:worker-startup-database[internal] (5178ms)
8-3-2026 14:04:44-debug: start asset-db with asset: 327
8-3-2026 14:04:44-debug: Asset DB is ready!
8-3-2026 14:04:44-debug: asset-db:worker-startup-database[assets] (5233ms)
8-3-2026 14:04:44-debug: init worker message success
8-3-2026 14:04:45-error: Error: Cannot find module 'fs-extra'Require stack:- C:\Workspace\ABI\Cocos\Packingdom\Packingdom\extensions\cocos-service\contributions\builder\hooks.js- E:\Cocos\Editors\Creator\3.7.4\resources\app.asar\node_modules\@editor\creator\dist\module\index.ccc- E:\Cocos\Editors\Creator\3.7.4\resources\app.asar\node_modules\editor\preload.js- E:\Cocos\Editors\Creator\3.7.4\resources\app.asar\builtin\asset-db\dist\worker\index.ccc- E:\Cocos\Editors\Creator\3.7.4\resources\app.asar\node_modules\@base\electron-worker\static\script.ccc- E:\Cocos\Editors\Creator\3.7.4\resources\app.asar\node_modules\@base\electron-worker\static\worker.html    at Module._resolveFilename (internal/modules/cjs/loader.js:887:15)    at o._resolveFilename (electron/js2c/renderer_init.js:33:917)    at Function.<anonymous> (E:\Cocos\Editors\Creator\3.7.4\resources\app.asar\node_modules\fix-electron-require\index.js:7:24)    at Function._resolveFilename (E:\Cocos\Editors\Creator\3.7.4\resources\app.asar\node_modules\cc\preload.ts:109:46)    at Module._load (internal/modules/cjs/loader.js:732:27)    at Function.f._load (electron/js2c/asar_bundle.js:5:12913)    at Function._load (E:\Cocos\Editors\Creator\3.7.4\resources\app.asar\node_modules\cc\preload.ts:127:35)    at Module.require (internal/modules/cjs/loader.js:959:19)    at require (internal/modules/cjs/helpers.js:88:18)    at Object.<anonymous> (C:\Workspace\ABI\Cocos\Packingdom\Packingdom\extensions\cocos-service\contributions\builder\hooks.js:1:2833)
8-3-2026 14:04:45-error: register plugin cocos-service in build worker failed!
8-3-2026 14:04:46-debug: builder:worker-init (1450ms)
8-3-2026 14:04:48-debug: programming:execute-script (10ms)
8-3-2026 14:13:19-debug: Query all assets info in project
8-3-2026 14:13:19-debug: BuildAssetLibrary query-assets with assets 1003
8-3-2026 14:13:19-debug: init custom config: keepNodeUuid: false, useCache: true
8-3-2026 14:13:19-debug:   Number of all scenes: 1
8-3-2026 14:13:19-debug:   Number of other assets: 829
8-3-2026 14:13:19-debug: // ---- build task Query asset bundle ----
8-3-2026 14:13:19-debug: Query asset bundle start0%
8-3-2026 14:13:19-debug:   Number of all scripts: 30
8-3-2026 14:13:19-debug: Process: heapTotal 208.13MB heapUsed 187.92MB rss 540.24MB
8-3-2026 14:13:19-debug: // ---- build task Query asset bundle ---- (17ms)
8-3-2026 14:13:19-debug: run build task Query asset bundle success in 17 ms √3%
8-3-2026 14:13:19-debug: Process: heapTotal 208.13MB heapUsed 188.14MB rss 538.74MB
8-3-2026 14:13:19-debug: Query and organize assets start3%
8-3-2026 14:13:19-debug: // ---- build task Query and organize assets ----
8-3-2026 14:13:19-debug: init bundle assets
8-3-2026 14:13:19-debug: Query preload assets from cc.config.json: 60f7195c-ec2a-45eb-ba94-8955f60e81d0,1c02ae6f-4492-4915-b8f8-7492a3b1e4cd,810e96e4-e456-4468-9b59-f4e8f39732c0,efe8e2a3-eace-427b-b4f1-cb8a937ec77d,e9aa9a3e-5b2b-4ac7-a2c7-073de2b2b24f,8bbdbcdd-5cd4-4100-b6d5-b7c9625b6107,50f4348b-c883-4e2f-8f11-ce233b859fa1,fda095cb-831d-4601-ad94-846013963de8,f92806d7-1768-443f-afe8-12bcde84d0f0,dd3a144d-ab7f-41f0-82b8-2e43a090d496,f0416e68-0200-4b77-a926-4f9d16e494da,1baf0fc9-befa-459c-8bdd-af1a450a0319,511d2633-09a7-4bdd-ac42-f778032124b3,5d45aa00-e064-4938-b314-4265f0c2258c,28d6d6b8-3f66-4a73-9795-17a0852ba2d4,ec8106fe-05bf-4e94-943c-e0d3b7bb5e45,620b6bf3-0369-4560-837f-2a2c00b73c26,2df0a40b-26c2-47ce-be0d-4d3cd4164737,ff9be190-20a4-4e48-b68c-76e3c7cff085,970b0598-bcb0-4714-91fb-2e81440dccd8,bcd64cc6-2dd9-43f6-abbe-66318d332032,d930590d-bb92-4cc8-8bd1-23cd027f9edf,a3cd009f-0ab0-420d-9278-b9fdab939bbc,9361fd90-ba52-4f84-aa93-6e878fd576ca,d1346436-ac96-4271-b863-1f4fdead95b0,971bdb23-3ff6-43eb-b422-1c30165a3663,17debcc3-0a6b-4b8a-b00b-dc58b885581e,711ebe11-f673-4cd9-9a83-63c60ba54c5b,c0143906-9aed-447e-9436-2ae8512d1b6e,14da1725-c4c2-42b4-ab08-ee0aeb6898b3,081cab31-dccd-428e-8652-f2404cc81c47,78e0584a-4343-4727-8f37-e14e65c2a2db,871c3b6c-7379-419d-bda3-794b239ab90d,c27215d8-6835-4b68-bfbb-bdeac6100c04,b5d6115f-0370-4d7c-aad3-c194cc71cf98
8-3-2026 14:13:19-debug: Number of scenes: 1
8-3-2026 14:13:19-debug: // ---- build task Query and organize assets ---- (13ms)
8-3-2026 14:13:19-debug: run build task Query and organize assets success in 13 ms √7%
8-3-2026 14:13:19-debug: // ---- build task Organize scripts ----
8-3-2026 14:13:19-debug: Process: heapTotal 208.13MB heapUsed 188.34MB rss 538.99MB
8-3-2026 14:13:19-debug: Organize scripts start7%
8-3-2026 14:13:19-debug: sort script group...
8-3-2026 14:13:19-debug: // ---- build task Organize scripts ---- (1ms)
8-3-2026 14:13:19-debug: run build task Organize scripts success in 1 ms √10%
8-3-2026 14:13:19-debug: // ---- build task Init settings and config ----
8-3-2026 14:13:19-debug: Process: heapTotal 208.13MB heapUsed 188.39MB rss 539.00MB
8-3-2026 14:13:19-debug: Init settings and config start10%
8-3-2026 14:13:19-debug: // ---- build task Init settings and config ---- (1ms)
8-3-2026 14:13:19-debug: run build task Init settings and config success in 1 ms √11%
8-3-2026 14:13:19-debug: // ---- build task builder.tasks.settings.macro ----
8-3-2026 14:13:19-debug: builder.tasks.settings.macro start11%
8-3-2026 14:13:19-debug: builder.tasks.settings.macro does not defined in i18n
8-3-2026 14:13:19-debug: Process: heapTotal 208.13MB heapUsed 188.43MB rss 539.00MB
8-3-2026 14:13:19-debug: run build task builder.tasks.settings.macro success in 2 ms √11%
8-3-2026 14:13:19-debug: Sort some build options to settings.json start11%
8-3-2026 14:13:19-debug: // ---- build task builder.tasks.settings.macro ---- (2ms)
8-3-2026 14:13:19-debug: // ---- build task Sort some build options to settings.json ----
8-3-2026 14:13:19-debug: Process: heapTotal 208.13MB heapUsed 188.46MB rss 539.07MB
8-3-2026 14:13:19-debug: // ---- build task Sort some build options to settings.json ---- (5ms)
8-3-2026 14:13:19-debug: run build task Sort some build options to settings.json success in 5 ms √12%
8-3-2026 14:13:19-debug: Process: heapTotal 208.38MB heapUsed 188.74MB rss 539.72MB
8-3-2026 14:13:19-debug: // ---- build task custom joint texture layouts ----
8-3-2026 14:13:19-debug: custom joint texture layouts start12%
8-3-2026 14:13:19-debug: // ---- build task custom joint texture layouts ---- (1ms)
8-3-2026 14:13:19-debug: run build task custom joint texture layouts success in 1 ms √12%
8-3-2026 14:13:19-debug: Process: heapTotal 208.38MB heapUsed 188.77MB rss 539.73MB
8-3-2026 14:13:19-debug: // ---- build task custom joint physics ----
8-3-2026 14:13:19-debug: custom joint physics start12%
8-3-2026 14:13:19-debug: // ---- build task custom joint physics ---- (1ms)
8-3-2026 14:13:19-debug: run build task custom joint physics success in 1 ms √13%
8-3-2026 14:13:19-debug: Process: heapTotal 208.38MB heapUsed 188.80MB rss 539.79MB
8-3-2026 14:13:19-debug: // ---- build task Fill script data to settings ----
8-3-2026 14:13:19-debug: Fill script data to settings start13%
8-3-2026 14:13:19-debug: run build task Fill script data to settings success in 0 ms √13%
8-3-2026 14:13:19-debug: Fill scene data to settings start13%
8-3-2026 14:13:19-debug: // ---- build task Fill scene data to settings ----
8-3-2026 14:13:19-debug: Process: heapTotal 208.38MB heapUsed 188.82MB rss 539.79MB
8-3-2026 14:13:19-debug: // ---- build task Fill scene data to settings ---- (1ms)
8-3-2026 14:13:19-debug: run build task Fill scene data to settings success in 1 ms √14%
8-3-2026 14:13:19-debug: Process: heapTotal 208.38MB heapUsed 188.13MB rss 539.24MB
8-3-2026 14:13:19-debug: Organize assets groups，generate packedAssets and rawAssets data start14%
8-3-2026 14:13:19-debug: // ---- build task Organize assets groups，generate packedAssets and rawAssets data ----
8-3-2026 14:13:19-debug: // ---- build task Organize assets groups，generate packedAssets and rawAssets data ---- (2ms)
8-3-2026 14:13:19-debug: run build task Organize assets groups，generate packedAssets and rawAssets data success in 2 ms √14%
8-3-2026 14:13:19-debug: Process: heapTotal 208.38MB heapUsed 188.18MB rss 539.09MB
8-3-2026 14:13:19-debug: Generate md5AssetsMap from suffixMap to settings start14%
8-3-2026 14:13:19-debug: // ---- build task Generate md5AssetsMap from suffixMap to settings ----
8-3-2026 14:13:19-debug: options.md5Cache is false.
8-3-2026 14:13:19-debug: // ---- build task Generate md5AssetsMap from suffixMap to settings ---- (1ms)
8-3-2026 14:13:19-debug: run build task Generate md5AssetsMap from suffixMap to settings success in 1 ms √15%
8-3-2026 14:13:20-debug: refresh db internal success
8-3-2026 14:13:20-debug: asset-db:worker-effect-data-processing (205ms)
8-3-2026 14:13:20-debug: refresh db assets success
8-3-2026 14:13:20-debug: asset-db:refresh-all-database (327ms)
8-3-2026 14:15:29-debug: refresh db internal success
8-3-2026 14:15:29-debug: asset-db:worker-effect-data-processing (186ms)
8-3-2026 14:15:29-debug: refresh db assets success
8-3-2026 14:15:29-debug: asset-db:refresh-all-database (269ms)
8-3-2026 14:21:28-debug: refresh db internal success
8-3-2026 14:21:28-debug: asset-db:worker-effect-data-processing (207ms)
8-3-2026 14:21:28-debug: refresh db assets success
8-3-2026 14:21:28-debug: asset-db:refresh-all-database (321ms)
8-3-2026 14:22:15-debug: refresh db internal success
8-3-2026 14:22:15-debug: asset-db:worker-effect-data-processing (182ms)
8-3-2026 14:22:15-debug: refresh db assets success
8-3-2026 14:22:15-debug: asset-db:refresh-all-database (259ms)
8-3-2026 14:22:31-debug: refresh db internal success
8-3-2026 14:22:31-debug: asset-db:worker-effect-data-processing (179ms)
8-3-2026 14:22:31-debug: refresh db assets success
8-3-2026 14:22:31-debug: asset-db:refresh-all-database (255ms)
8-3-2026 14:22:35-debug: refresh db internal success
8-3-2026 14:22:35-debug: asset-db:worker-effect-data-processing (130ms)
8-3-2026 14:22:35-debug: refresh db assets success
8-3-2026 14:22:35-debug: asset-db:refresh-all-database (199ms)
8-3-2026 14:22:42-debug: refresh db internal success
8-3-2026 14:22:42-debug: asset-db:worker-effect-data-processing (138ms)
8-3-2026 14:22:42-debug: refresh db assets success
8-3-2026 14:22:42-debug: asset-db:refresh-all-database (216ms)
8-3-2026 14:22:54-debug: refresh db internal success
8-3-2026 14:22:54-debug: asset-db:worker-effect-data-processing (167ms)
8-3-2026 14:22:54-debug: refresh db assets success
8-3-2026 14:22:54-debug: asset-db:refresh-all-database (237ms)
8-3-2026 14:23:16-debug: refresh db internal success
8-3-2026 14:23:16-debug: asset-db:worker-effect-data-processing (181ms)
8-3-2026 14:23:16-debug: refresh db assets success
8-3-2026 14:23:16-debug: asset-db:refresh-all-database (253ms)
8-3-2026 14:24:02-debug: refresh db internal success
8-3-2026 14:24:02-debug: asset-db:worker-effect-data-processing (191ms)
8-3-2026 14:24:02-debug: refresh db assets success
8-3-2026 14:24:02-debug: asset-db:refresh-all-database (273ms)
8-3-2026 14:25:32-debug: refresh db internal success
8-3-2026 14:25:32-debug: asset-db:worker-effect-data-processing (191ms)
8-3-2026 14:25:32-debug: refresh db assets success
8-3-2026 14:25:32-debug: asset-db:refresh-all-database (264ms)
8-3-2026 14:27:39-debug: refresh db internal success
8-3-2026 14:27:40-debug: asset-db:worker-effect-data-processing (197ms)
8-3-2026 14:27:40-debug: refresh db assets success
8-3-2026 14:27:40-debug: asset-db:refresh-all-database (268ms)
8-3-2026 14:32:01-debug: refresh db internal success
8-3-2026 14:32:02-debug: asset-db:worker-effect-data-processing (193ms)
8-3-2026 14:32:02-debug: refresh db assets success
8-3-2026 14:32:02-debug: asset-db:refresh-all-database (268ms)
8-3-2026 14:32:39-debug: refresh db internal success
8-3-2026 14:32:39-debug: asset-db:worker-effect-data-processing (174ms)
8-3-2026 14:32:39-debug: refresh db assets success
8-3-2026 14:32:39-debug: asset-db:refresh-all-database (242ms)
8-3-2026 14:33:09-debug: refresh db internal success
8-3-2026 14:33:09-debug: asset-db:worker-effect-data-processing (171ms)
8-3-2026 14:33:09-debug: refresh db assets success
8-3-2026 14:33:09-debug: asset-db:refresh-all-database (244ms)
8-3-2026 14:33:54-debug: Query all assets info in project
8-3-2026 14:33:54-debug: BuildAssetLibrary query-assets with assets 1003
8-3-2026 14:33:54-debug: init custom config: keepNodeUuid: false, useCache: true
8-3-2026 14:33:54-debug:   Number of all scenes: 1
8-3-2026 14:33:54-debug:   Number of other assets: 829
8-3-2026 14:33:54-debug: Query asset bundle start0%
8-3-2026 14:33:54-debug: // ---- build task Query asset bundle ----
8-3-2026 14:33:54-debug: Process: heapTotal 229.45MB heapUsed 196.02MB rss 435.29MB
8-3-2026 14:33:54-debug:   Number of all scripts: 30
8-3-2026 14:33:54-debug: // ---- build task Query asset bundle ---- (17ms)
8-3-2026 14:33:54-debug: run build task Query asset bundle success in 17 ms √3%
8-3-2026 14:33:54-debug: Process: heapTotal 214.45MB heapUsed 190.87MB rss 421.40MB
8-3-2026 14:33:54-debug: Query and organize assets start3%
8-3-2026 14:33:54-debug: // ---- build task Query and organize assets ----
8-3-2026 14:33:54-debug: init bundle assets
8-3-2026 14:33:54-debug: Query preload assets from cc.config.json: 60f7195c-ec2a-45eb-ba94-8955f60e81d0,1c02ae6f-4492-4915-b8f8-7492a3b1e4cd,810e96e4-e456-4468-9b59-f4e8f39732c0,efe8e2a3-eace-427b-b4f1-cb8a937ec77d,e9aa9a3e-5b2b-4ac7-a2c7-073de2b2b24f,8bbdbcdd-5cd4-4100-b6d5-b7c9625b6107,50f4348b-c883-4e2f-8f11-ce233b859fa1,fda095cb-831d-4601-ad94-846013963de8,f92806d7-1768-443f-afe8-12bcde84d0f0,dd3a144d-ab7f-41f0-82b8-2e43a090d496,f0416e68-0200-4b77-a926-4f9d16e494da,1baf0fc9-befa-459c-8bdd-af1a450a0319,511d2633-09a7-4bdd-ac42-f778032124b3,5d45aa00-e064-4938-b314-4265f0c2258c,28d6d6b8-3f66-4a73-9795-17a0852ba2d4,ec8106fe-05bf-4e94-943c-e0d3b7bb5e45,620b6bf3-0369-4560-837f-2a2c00b73c26,2df0a40b-26c2-47ce-be0d-4d3cd4164737,ff9be190-20a4-4e48-b68c-76e3c7cff085,970b0598-bcb0-4714-91fb-2e81440dccd8,bcd64cc6-2dd9-43f6-abbe-66318d332032,d930590d-bb92-4cc8-8bd1-23cd027f9edf,a3cd009f-0ab0-420d-9278-b9fdab939bbc,9361fd90-ba52-4f84-aa93-6e878fd576ca,d1346436-ac96-4271-b863-1f4fdead95b0,971bdb23-3ff6-43eb-b422-1c30165a3663,17debcc3-0a6b-4b8a-b00b-dc58b885581e,711ebe11-f673-4cd9-9a83-63c60ba54c5b,c0143906-9aed-447e-9436-2ae8512d1b6e,14da1725-c4c2-42b4-ab08-ee0aeb6898b3,081cab31-dccd-428e-8652-f2404cc81c47,78e0584a-4343-4727-8f37-e14e65c2a2db,871c3b6c-7379-419d-bda3-794b239ab90d,c27215d8-6835-4b68-bfbb-bdeac6100c04,b5d6115f-0370-4d7c-aad3-c194cc71cf98
8-3-2026 14:33:54-debug: Number of scenes: 1
8-3-2026 14:33:54-debug: // ---- build task Query and organize assets ---- (5ms)
8-3-2026 14:33:54-debug: run build task Query and organize assets success in 5 ms √7%
8-3-2026 14:33:54-debug: Organize scripts start7%
8-3-2026 14:33:54-debug: // ---- build task Organize scripts ----
8-3-2026 14:33:54-debug: Process: heapTotal 214.45MB heapUsed 191.06MB rss 421.61MB
8-3-2026 14:33:54-debug: sort script group...
8-3-2026 14:33:54-debug: // ---- build task Organize scripts ---- (1ms)
8-3-2026 14:33:54-debug: run build task Organize scripts success in 1 ms √10%
8-3-2026 14:33:54-debug: Process: heapTotal 214.45MB heapUsed 190.55MB rss 420.86MB
8-3-2026 14:33:54-debug: Init settings and config start10%
8-3-2026 14:33:54-debug: // ---- build task Init settings and config ----
8-3-2026 14:33:54-debug: // ---- build task Init settings and config ---- (1ms)
8-3-2026 14:33:54-debug: run build task Init settings and config success in 1 ms √11%
8-3-2026 14:33:54-debug: // ---- build task builder.tasks.settings.macro ----
8-3-2026 14:33:54-debug: builder.tasks.settings.macro does not defined in i18n
8-3-2026 14:33:54-debug: Process: heapTotal 214.45MB heapUsed 190.59MB rss 420.95MB
8-3-2026 14:33:54-debug: builder.tasks.settings.macro start11%
8-3-2026 14:33:54-debug: // ---- build task builder.tasks.settings.macro ---- (3ms)
8-3-2026 14:33:54-debug: run build task builder.tasks.settings.macro success in 3 ms √11%
8-3-2026 14:33:54-debug: // ---- build task Sort some build options to settings.json ----
8-3-2026 14:33:54-debug: Sort some build options to settings.json start11%
8-3-2026 14:33:54-debug: Process: heapTotal 214.45MB heapUsed 190.62MB rss 420.95MB
8-3-2026 14:33:54-debug: // ---- build task Sort some build options to settings.json ---- (5ms)
8-3-2026 14:33:54-debug: run build task Sort some build options to settings.json success in 5 ms √12%
8-3-2026 14:33:54-debug: Process: heapTotal 214.69MB heapUsed 190.90MB rss 421.57MB
8-3-2026 14:33:54-debug: custom joint texture layouts start12%
8-3-2026 14:33:54-debug: // ---- build task custom joint texture layouts ----
8-3-2026 14:33:54-debug: // ---- build task custom joint texture layouts ---- (2ms)
8-3-2026 14:33:54-debug: run build task custom joint texture layouts success in 2 ms √12%
8-3-2026 14:33:54-debug: // ---- build task custom joint physics ----
8-3-2026 14:33:54-debug: Process: heapTotal 214.69MB heapUsed 190.93MB rss 421.67MB
8-3-2026 14:33:54-debug: custom joint physics start12%
8-3-2026 14:33:54-debug: run build task custom joint physics success in 0 ms √13%
8-3-2026 14:33:54-debug: Fill script data to settings start13%
8-3-2026 14:33:54-debug: // ---- build task Fill script data to settings ----
8-3-2026 14:33:54-debug: Process: heapTotal 214.69MB heapUsed 190.95MB rss 421.66MB
8-3-2026 14:33:54-debug: // ---- build task Fill script data to settings ---- (1ms)
8-3-2026 14:33:54-debug: run build task Fill script data to settings success in 1 ms √13%
8-3-2026 14:33:54-debug: Fill scene data to settings start13%
8-3-2026 14:33:54-debug: // ---- build task Fill scene data to settings ----
8-3-2026 14:33:54-debug: Process: heapTotal 214.69MB heapUsed 190.98MB rss 421.66MB
8-3-2026 14:33:54-debug: run build task Fill scene data to settings success in 0 ms √14%
8-3-2026 14:33:54-debug: Organize assets groups，generate packedAssets and rawAssets data start14%
8-3-2026 14:33:54-debug: Process: heapTotal 214.69MB heapUsed 191.00MB rss 421.73MB
8-3-2026 14:33:54-debug: // ---- build task Organize assets groups，generate packedAssets and rawAssets data ----
8-3-2026 14:33:54-debug: // ---- build task Organize assets groups，generate packedAssets and rawAssets data ---- (2ms)
8-3-2026 14:33:54-debug: run build task Organize assets groups，generate packedAssets and rawAssets data success in 2 ms √14%
8-3-2026 14:33:54-debug: // ---- build task Generate md5AssetsMap from suffixMap to settings ----
8-3-2026 14:33:54-debug: Generate md5AssetsMap from suffixMap to settings start14%
8-3-2026 14:33:54-debug: Process: heapTotal 214.69MB heapUsed 191.05MB rss 421.75MB
8-3-2026 14:33:54-debug: options.md5Cache is false.
8-3-2026 14:33:54-debug: run build task Generate md5AssetsMap from suffixMap to settings success in 1 ms √15%
8-3-2026 14:33:54-debug: // ---- build task Generate md5AssetsMap from suffixMap to settings ---- (1ms)
8-3-2026 14:35:07-debug: refresh db internal success
8-3-2026 14:35:07-debug: asset-db:worker-effect-data-processing (140ms)
8-3-2026 14:35:07-debug: refresh db assets success
8-3-2026 14:35:07-debug: asset-db:refresh-all-database (209ms)
8-3-2026 14:35:27-debug: refresh db internal success
8-3-2026 14:35:27-debug: asset-db:worker-effect-data-processing (168ms)
8-3-2026 14:35:27-debug: refresh db assets success
8-3-2026 14:35:27-debug: asset-db:refresh-all-database (234ms)
8-3-2026 14:37:05-debug: refresh db internal success
8-3-2026 14:37:05-debug: asset-db:worker-effect-data-processing (226ms)
8-3-2026 14:37:05-debug: refresh db assets success
8-3-2026 14:37:05-debug: asset-db:refresh-all-database (308ms)
8-3-2026 14:39:02-debug: refresh db internal success
8-3-2026 14:39:02-debug: asset-db:worker-effect-data-processing (185ms)
8-3-2026 14:39:02-debug: refresh db assets success
8-3-2026 14:39:02-debug: asset-db:refresh-all-database (263ms)
8-3-2026 14:39:12-debug: refresh db internal success
8-3-2026 14:39:12-debug: asset-db:worker-effect-data-processing (175ms)
8-3-2026 14:39:12-debug: refresh db assets success
8-3-2026 14:39:12-debug: asset-db:refresh-all-database (241ms)
8-3-2026 14:39:20-debug: refresh db internal success
8-3-2026 14:39:21-debug: asset-db:worker-effect-data-processing (176ms)
8-3-2026 14:39:21-debug: refresh db assets success
8-3-2026 14:39:21-debug: asset-db:refresh-all-database (245ms)
8-3-2026 14:41:54-debug: refresh db internal success
8-3-2026 14:41:54-debug: asset-db:worker-effect-data-processing (181ms)
8-3-2026 14:41:54-debug: refresh db assets success
8-3-2026 14:41:54-debug: asset-db:refresh-all-database (252ms)
8-3-2026 14:42:26-debug: refresh db internal success
